Archive member included to satisfy reference by file (symbol)

C:/ST/STM32CubeIDE_1.19.0/STM32CubeIDE/plugins/com.st.stm32cube.ide.mcu.externaltools.gnu-tools-for-stm32.13.3.rel1.win32_1.0.0.202411081344/tools/bin/../lib/gcc/arm-none-eabi/13.3.1/../../../../arm-none-eabi/lib/thumb/v7e-m+fp/hard\libc_nano.a(libc_a-exit.o)
                              C:/ST/STM32CubeIDE_1.19.0/STM32CubeIDE/plugins/com.st.stm32cube.ide.mcu.externaltools.gnu-tools-for-stm32.13.3.rel1.win32_1.0.0.202411081344/tools/bin/../lib/gcc/arm-none-eabi/13.3.1/../../../../arm-none-eabi/lib/thumb/v7e-m+fp/hard/crt0.o (exit)
C:/ST/STM32CubeIDE_1.19.0/STM32CubeIDE/plugins/com.st.stm32cube.ide.mcu.externaltools.gnu-tools-for-stm32.13.3.rel1.win32_1.0.0.202411081344/tools/bin/../lib/gcc/arm-none-eabi/13.3.1/../../../../arm-none-eabi/lib/thumb/v7e-m+fp/hard\libc_nano.a(libc_a-rand.o)
                              ./Core/Src/main.o (srand)
C:/ST/STM32CubeIDE_1.19.0/STM32CubeIDE/plugins/com.st.stm32cube.ide.mcu.externaltools.gnu-tools-for-stm32.13.3.rel1.win32_1.0.0.202411081344/tools/bin/../lib/gcc/arm-none-eabi/13.3.1/../../../../arm-none-eabi/lib/thumb/v7e-m+fp/hard\libc_nano.a(libc_a-findfp.o)
                              C:/ST/STM32CubeIDE_1.19.0/STM32CubeIDE/plugins/com.st.stm32cube.ide.mcu.externaltools.gnu-tools-for-stm32.13.3.rel1.win32_1.0.0.202411081344/tools/bin/../lib/gcc/arm-none-eabi/13.3.1/../../../../arm-none-eabi/lib/thumb/v7e-m+fp/hard\libc_nano.a(libc_a-exit.o) (__stdio_exit_handler)
C:/ST/STM32CubeIDE_1.19.0/STM32CubeIDE/plugins/com.st.stm32cube.ide.mcu.externaltools.gnu-tools-for-stm32.13.3.rel1.win32_1.0.0.202411081344/tools/bin/../lib/gcc/arm-none-eabi/13.3.1/../../../../arm-none-eabi/lib/thumb/v7e-m+fp/hard\libc_nano.a(libc_a-fwalk.o)
                              C:/ST/STM32CubeIDE_1.19.0/STM32CubeIDE/plugins/com.st.stm32cube.ide.mcu.externaltools.gnu-tools-for-stm32.13.3.rel1.win32_1.0.0.202411081344/tools/bin/../lib/gcc/arm-none-eabi/13.3.1/../../../../arm-none-eabi/lib/thumb/v7e-m+fp/hard\libc_nano.a(libc_a-findfp.o) (_fwalk_sglue)
C:/ST/STM32CubeIDE_1.19.0/STM32CubeIDE/plugins/com.st.stm32cube.ide.mcu.externaltools.gnu-tools-for-stm32.13.3.rel1.win32_1.0.0.202411081344/tools/bin/../lib/gcc/arm-none-eabi/13.3.1/../../../../arm-none-eabi/lib/thumb/v7e-m+fp/hard\libc_nano.a(libc_a-printf.o)
                              ./Drivers/BSP/Components/es_wifi/es_wifi.o (printf)
C:/ST/STM32CubeIDE_1.19.0/STM32CubeIDE/plugins/com.st.stm32cube.ide.mcu.externaltools.gnu-tools-for-stm32.13.3.rel1.win32_1.0.0.202411081344/tools/bin/../lib/gcc/arm-none-eabi/13.3.1/../../../../arm-none-eabi/lib/thumb/v7e-m+fp/hard\libc_nano.a(libc_a-puts.o)
                              ./Drivers/BSP/Components/es_wifi/es_wifi.o (puts)
C:/ST/STM32CubeIDE_1.19.0/STM32CubeIDE/plugins/com.st.stm32cube.ide.mcu.externaltools.gnu-tools-for-stm32.13.3.rel1.win32_1.0.0.202411081344/tools/bin/../lib/gcc/arm-none-eabi/13.3.1/../../../../arm-none-eabi/lib/thumb/v7e-m+fp/hard\libc_nano.a(libc_a-snprintf.o)
                              ./Core/Src/main.o (snprintf)
C:/ST/STM32CubeIDE_1.19.0/STM32CubeIDE/plugins/com.st.stm32cube.ide.mcu.externaltools.gnu-tools-for-stm32.13.3.rel1.win32_1.0.0.202411081344/tools/bin/../lib/gcc/arm-none-eabi/13.3.1/../../../../arm-none-eabi/lib/thumb/v7e-m+fp/hard\libc_nano.a(libc_a-sprintf.o)
                              ./Drivers/BSP/Components/es_wifi/es_wifi.o (sprintf)
C:/ST/STM32CubeIDE_1.19.0/STM32CubeIDE/plugins/com.st.stm32cube.ide.mcu.externaltools.gnu-tools-for-stm32.13.3.rel1.win32_1.0.0.202411081344/tools/bin/../lib/gcc/arm-none-eabi/13.3.1/../../../../arm-none-eabi/lib/thumb/v7e-m+fp/hard\libc_nano.a(libc_a-stdio.o)
                              C:/ST/STM32CubeIDE_1.19.0/STM32CubeIDE/plugins/com.st.stm32cube.ide.mcu.externaltools.gnu-tools-for-stm32.13.3.rel1.win32_1.0.0.202411081344/tools/bin/../lib/gcc/arm-none-eabi/13.3.1/../../../../arm-none-eabi/lib/thumb/v7e-m+fp/hard\libc_nano.a(libc_a-findfp.o) (__sread)
C:/ST/STM32CubeIDE_1.19.0/STM32CubeIDE/plugins/com.st.stm32cube.ide.mcu.externaltools.gnu-tools-for-stm32.13.3.rel1.win32_1.0.0.202411081344/tools/bin/../lib/gcc/arm-none-eabi/13.3.1/../../../../arm-none-eabi/lib/thumb/v7e-m+fp/hard\libc_nano.a(libc_a-vsnprintf.o)
                              ./Core/Src/main.o (vsnprintf)
C:/ST/STM32CubeIDE_1.19.0/STM32CubeIDE/plugins/com.st.stm32cube.ide.mcu.externaltools.gnu-tools-for-stm32.13.3.rel1.win32_1.0.0.202411081344/tools/bin/../lib/gcc/arm-none-eabi/13.3.1/../../../../arm-none-eabi/lib/thumb/v7e-m+fp/hard\libc_nano.a(libc_a-wbuf.o)
                              C:/ST/STM32CubeIDE_1.19.0/STM32CubeIDE/plugins/com.st.stm32cube.ide.mcu.externaltools.gnu-tools-for-stm32.13.3.rel1.win32_1.0.0.202411081344/tools/bin/../lib/gcc/arm-none-eabi/13.3.1/../../../../arm-none-eabi/lib/thumb/v7e-m+fp/hard\libc_nano.a(libc_a-puts.o) (__swbuf_r)
[...]
Memory Configuration

Name             Origin             Length             Attributes
RAM              0x20000000         0x000a0000         xrw
RAM2             0x10000000         0x00010000         xrw
RAM3             0x20040000         0x00060000         xrw
FLASH            0x08000000         0x00200000         xr
*default*        0x00000000         0xffffffff

Linker script and memory map

LOAD C:/ST/STM32CubeIDE_1.19.0/STM32CubeIDE/plugins/com.st.stm32cube.ide.mcu.externaltools.gnu-tools-for-stm32.13.3.rel1.win32_1.0.0.202411081344/tools/bin/../lib/gcc/arm-none-eabi/13.3.1/thumb/v7e-m+fp/hard/crti.o
LOAD C:/ST/STM32CubeIDE_1.19.0/STM32CubeIDE/plugins/com.st.stm32cube.ide.mcu.externaltools.gnu-tools-for-stm32.13.3.rel1.win32_1.0.0.202411081344/tools/bin/../lib/gcc/arm-none-eabi/13.3.1/thumb/v7e-m+fp/hard/crtbegin.o
LOAD C:/ST/STM32CubeIDE_1.19.0/STM32CubeIDE/plugins/com.st.stm32cube.ide.mcu.externaltools.gnu-tools-for-stm32.13.3.rel1.win32_1.0.0.202411081344/tools/bin/../lib/gcc/arm-none-eabi/13.3.1/../../../../arm-none-eabi/lib/thumb/v7e-m+fp/hard/crt0.o
LOAD ./Core/Src/buzzer.o
LOAD ./Core/Src/fonts.o
LOAD ./Core/Src/grove_5way.o
LOAD ./Core/Src/ht16k33.o
LOAD ./Core/Src/main.o
LOAD ./Core/Src/menu_system.o
LOAD ./Core/Src/multi_switch.o
LOAD ./Core/Src/ssd1306.o
LOAD ./Core/Src/stm32l4xx_hal_msp.o
LOAD ./Core/Src/stm32l4xx_it.o
LOAD ./Core/Src/syscalls.o
LOAD ./Core/Src/sysmem.o
LOAD ./Core/Src/system_stm32l4xx.o
LOAD ./Core/Startup/startup_stm32l4s5vitx.o
LOAD ./Drivers/BSP/B-L4S5I-IOT01/stm32l4s5i_iot01.o
LOAD ./Drivers/BSP/B-L4S5I-IOT01/stm32l4s5i_iot01_accelero.o
LOAD ./Drivers/BSP/B-L4S5I-IOT01/stm32l4s5i_iot01_gyro.o
LOAD ./Drivers/BSP/B-L4S5I-IOT01/stm32l4s5i_iot01_hsensor.o
LOAD ./Drivers/BSP/B-L4S5I-IOT01/stm32l4s5i_iot01_magneto.o
LOAD ./Drivers/BSP/B-L4S5I-IOT01/stm32l4s5i_iot01_nfctag.o
LOAD ./Drivers/BSP/B-L4S5I-IOT01/stm32l4s5i_iot01_psensor.o
LOAD ./Drivers/BSP/B-L4S5I-IOT01/stm32l4s5i_iot01_tsensor.o
LOAD ./Drivers/BSP/Components/es_wifi/es_wifi.o
LOAD ./Drivers/BSP/Components/hts221/hts221.o
LOAD ./Drivers/BSP/Components/lis3mdl/lis3mdl.o
LOAD ./Drivers/BSP/Components/lps22hb/lps22hb.o
LOAD ./Drivers/BSP/Components/lsm6dsl/lsm6dsl.o
LOAD ./Drivers/BSP/Components/st25dv/st25dv.o
LOAD ./Drivers/BSP/Components/st25dv/st25dv_reg.o
LOAD ./Drivers/STM32L4xx_HAL_Driver/Src/Legacy/stm32l4xx_hal_can.o
LOAD ./Drivers/STM32L4xx_HAL_Driver/Src/stm32l4xx_hal.o
LOAD ./Drivers/STM32L4xx_HAL_Driver/Src/stm32l4xx_hal_adc.o
LOAD ./Drivers/STM32L4xx_HAL_Driver/Src/stm32l4xx_hal_adc_ex.o
LOAD ./Drivers/STM32L4xx_HAL_Driver/Src/stm32l4xx_hal_can.o
LOAD ./Drivers/STM32L4xx_HAL_Driver/Src/stm32l4xx_hal_comp.o
LOAD ./Drivers/STM32L4xx_HAL_Driver/Src/stm32l4xx_hal_cortex.o
LOAD ./Drivers/STM32L4xx_HAL_Driver/Src/stm32l4xx_hal_crc.o
LOAD ./Drivers/STM32L4xx_HAL_Driver/Src/stm32l4xx_hal_crc_ex.o
LOAD ./Drivers/STM32L4xx_HAL_Driver/Src/stm32l4xx_hal_cryp.o
LOAD ./Drivers/STM32L4xx_HAL_Driver/Src/stm32l4xx_hal_cryp_ex.o
LOAD ./Drivers/STM32L4xx_HAL_Driver/Src/stm32l4xx_hal_dac.o
LOAD ./Drivers/STM32L4xx_HAL_Driver/Src/stm32l4xx_hal_dac_ex.o
LOAD ./Drivers/STM32L4xx_HAL_Driver/Src/stm32l4xx_hal_dcmi.o
LOAD ./Drivers/STM32L4xx_HAL_Driver/Src/stm32l4xx_hal_dfsdm.o
LOAD ./Drivers/STM32L4xx_HAL_Driver/Src/stm32l4xx_hal_dfsdm_ex.o
LOAD ./Drivers/STM32L4xx_HAL_Driver/Src/stm32l4xx_hal_dma.o
LOAD ./Drivers/STM32L4xx_HAL_Driver/Src/stm32l4xx_hal_dma2d.o
LOAD ./Drivers/STM32L4xx_HAL_Driver/Src/stm32l4xx_hal_dma_ex.o
LOAD ./Drivers/STM32L4xx_HAL_Driver/Src/stm32l4xx_hal_dsi.o
LOAD ./Drivers/STM32L4xx_HAL_Driver/Src/stm32l4xx_hal_exti.o
LOAD ./Drivers/STM32L4xx_HAL_Driver/Src/stm32l4xx_hal_firewall.o
LOAD ./Drivers/STM32L4xx_HAL_Driver/Src/stm32l4xx_hal_flash.o
LOAD ./Drivers/STM32L4xx_HAL_Driver/Src/stm32l4xx_hal_flash_ex.o
LOAD ./Drivers/STM32L4xx_HAL_Driver/Src/stm32l4xx_hal_flash_ramfunc.o
LOAD ./Drivers/STM32L4xx_HAL_Driver/Src/stm32l4xx_hal_gfxmmu.o
LOAD ./Drivers/STM32L4xx_HAL_Driver/Src/stm32l4xx_hal_gpio.o
LOAD ./Drivers/STM32L4xx_HAL_Driver/Src/stm32l4xx_hal_hash.o
LOAD ./Drivers/STM32L4xx_HAL_Driver/Src/stm32l4xx_hal_hash_ex.o
LOAD ./Drivers/STM32L4xx_HAL_Driver/Src/stm32l4xx_hal_hcd.o
LOAD ./Drivers/STM32L4xx_HAL_Driver/Src/stm32l4xx_hal_i2c.o
LOAD ./Drivers/STM32L4xx_HAL_Driver/Src/stm32l4xx_hal_i2c_ex.o
LOAD ./Drivers/STM32L4xx_HAL_Driver/Src/stm32l4xx_hal_irda.o
LOAD ./Drivers/STM32L4xx_HAL_Driver/Src/stm32l4xx_hal_iwdg.o
LOAD ./Drivers/STM32L4xx_HAL_Driver/Src/stm32l4xx_hal_lcd.o
LOAD ./Drivers/STM32L4xx_HAL_Driver/Src/stm32l4xx_hal_lptim.o
LOAD ./Drivers/STM32L4xx_HAL_Driver/Src/stm32l4xx_hal_ltdc.o
LOAD ./Drivers/STM32L4xx_HAL_Driver/Src/stm32l4xx_hal_ltdc_ex.o
LOAD ./Drivers/STM32L4xx_HAL_Driver/Src/stm32l4xx_hal_mmc.o
LOAD ./Drivers/STM32L4xx_HAL_Driver/Src/stm32l4xx_hal_mmc_ex.o
LOAD ./Drivers/STM32L4xx_HAL_Driver/Src/stm32l4xx_hal_nand.o
LOAD ./Drivers/STM32L4xx_HAL_Driver/Src/stm32l4xx_hal_nor.o
LOAD ./Drivers/STM32L4xx_HAL_Driver/Src/stm32l4xx_hal_opamp.o
LOAD ./Drivers/STM32L4xx_HAL_Driver/Src/stm32l4xx_hal_opamp_ex.o
LOAD ./Drivers/STM32L4xx_HAL_Driver/Src/stm32l4xx_hal_ospi.o
LOAD ./Drivers/STM32L4xx_HAL_Driver/Src/stm32l4xx_hal_pcd.o
LOAD ./Drivers/STM32L4xx_HAL_Driver/Src/stm32l4xx_hal_pcd_ex.o
LOAD ./Drivers/STM32L4xx_HAL_Driver/Src/stm32l4xx_hal_pka.o
LOAD ./Drivers/STM32L4xx_HAL_Driver/Src/stm32l4xx_hal_pssi.o
LOAD ./Drivers/STM32L4xx_HAL_Driver/Src/stm32l4xx_hal_pwr.o
LOAD ./Drivers/STM32L4xx_HAL_Driver/Src/stm32l4xx_hal_pwr_ex.o
LOAD ./Drivers/STM32L4xx_HAL_Driver/Src/stm32l4xx_hal_qspi.o
LOAD ./Drivers/STM32L4xx_HAL_Driver/Src/stm32l4xx_hal_rcc.o
LOAD ./Drivers/STM32L4xx_HAL_Driver/Src/stm32l4xx_hal_rcc_ex.o
LOAD ./Drivers/STM32L4xx_HAL_Driver/Src/stm32l4xx_hal_rng.o
LOAD ./Drivers/STM32L4xx_HAL_Driver/Src/stm32l4xx_hal_rng_ex.o
LOAD ./Drivers/STM32L4xx_HAL_Driver/Src/stm32l4xx_hal_rtc.o
LOAD ./Drivers/STM32L4xx_HAL_Driver/Src/stm32l4xx_hal_rtc_ex.o
LOAD ./Drivers/STM32L4xx_HAL_Driver/Src/stm32l4xx_hal_sai.o
LOAD ./Drivers/STM32L4xx_HAL_Driver/Src/stm32l4xx_hal_sai_ex.o
LOAD ./Drivers/STM32L4xx_HAL_Driver/Src/stm32l4xx_hal_sd.o
LOAD ./Drivers/STM32L4xx_HAL_Driver/Src/stm32l4xx_hal_sd_ex.o
LOAD ./Drivers/STM32L4xx_HAL_Driver/Src/stm32l4xx_hal_smartcard.o
LOAD ./Drivers/STM32L4xx_HAL_Driver/Src/stm32l4xx_hal_smartcard_ex.o
LOAD ./Drivers/STM32L4xx_HAL_Driver/Src/stm32l4xx_hal_smbus.o
LOAD ./Drivers/STM32L4xx_HAL_Driver/Src/stm32l4xx_hal_smbus_ex.o
LOAD ./Drivers/STM32L4xx_HAL_Driver/Src/stm32l4xx_hal_spi.o
LOAD ./Drivers/STM32L4xx_HAL_Driver/Src/stm32l4xx_hal_spi_ex.o
LOAD ./Drivers/STM32L4xx_HAL_Driver/Src/stm32l4xx_hal_sram.o
LOAD ./Drivers/STM32L4xx_HAL_Driver/Src/stm32l4xx_hal_swpmi.o
LOAD ./Drivers/STM32L4xx_HAL_Driver/Src/stm32l4xx_hal_tim.o
LOAD ./Drivers/STM32L4xx_HAL_Driver/Src/stm32l4xx_hal_tim_ex.o
LOAD ./Drivers/STM32L4xx_HAL_Driver/Src/stm32l4xx_hal_tsc.o
LOAD ./Drivers/STM32L4xx_HAL_Driver/Src/stm32l4xx_hal_uart.o
LOAD ./Drivers/STM32L4xx_HAL_Driver/Src/stm32l4xx_hal_uart_ex.o
LOAD ./Drivers/STM32L4xx_HAL_Driver/Src/stm32l4xx_hal_usart.o
LOAD ./Drivers/STM32L4xx_HAL_Driver/Src/stm32l4xx_hal_usart_ex.o
LOAD ./Drivers/STM32L4xx_HAL_Driver/Src/stm32l4xx_hal_wwdg.o
LOAD ./Drivers/STM32L4xx_HAL_Driver/Src/stm32l4xx_ll_usb.o
START GROUP
LOAD C:/ST/STM32CubeIDE_1.19.0/STM32CubeIDE/plugins/com.st.stm32cube.ide.mcu.externaltools.gnu-tools-for-stm32.13.3.rel1.win32_1.0.0.202411081344/tools/bin/../lib/gcc/arm-none-eabi/13.3.1/../../../../arm-none-eabi/lib/thumb/v7e-m+fp/hard\libc_nano.a
LOAD C:/ST/STM32CubeIDE_1.19.0/STM32CubeIDE/plugins/com.st.stm32cube.ide.mcu.externaltools.gnu-tools-for-stm32.13.3.rel1.win32_1.0.0.202411081344/tools/bin/../lib/gcc/arm-none-eabi/13.3.1/../../../../arm-none-eabi/lib/thumb/v7e-m+fp/hard\libm.a
END GROUP
START GROUP
LOAD C:/ST/STM32CubeIDE_1.19.0/STM32CubeIDE/plugins/com.st.stm32cube.ide.mcu.externaltools.gnu-tools-for-stm32.13.3.rel1.win32_1.0.0.202411081344/tools/bin/../lib/gcc/arm-none-eabi/13.3.1/thumb/v7e-m+fp/hard\libgcc.a
LOAD C:/ST/STM32CubeIDE_1.19.0/STM32CubeIDE/plugins/com.st.stm32cube.ide.mcu.externaltools.gnu-tools-for-stm32.13.3.rel1.win32_1.0.0.202411081344/tools/bin/../lib/gcc/arm-none-eabi/13.3.1/../../../../arm-none-eabi/lib/thumb/v7e-m+fp/hard\libc_nano.a
END GROUP
START GROUP
LOAD C:/ST/STM32CubeIDE_1.19.0/STM32CubeIDE/plugins/com.st.stm32cube.ide.mcu.externaltools.gnu-tools-for-stm32.13.3.rel1.win32_1.0.0.202411081344/tools/bin/../lib/gcc/arm-none-eabi/13.3.1/thumb/v7e-m+fp/hard\libgcc.a
LOAD C:/ST/STM32CubeIDE_1.19.0/STM32CubeIDE/plugins/com.st.stm32cube.ide.mcu.externaltools.gnu-tools-for-stm32.13.3.rel1.win32_1.0.0.202411081344/tools/bin/../lib/gcc/arm-none-eabi/13.3.1/../../../../arm-none-eabi/lib/thumb/v7e-m+fp/hard\libc_nano.a
LOAD C:/ST/STM32CubeIDE_1.19.0/STM32CubeIDE/plugins/com.st.stm32cube.ide.mcu.externaltools.gnu-tools-for-stm32.13.3.rel1.win32_1.0.0.202411081344/tools/bin/../lib/gcc/arm-none-eabi/13.3.1/../../../../arm-none-eabi/lib/thumb/v7e-m+fp/hard\libnosys.a
END GROUP
START GROUP
LOAD C:/ST/STM32CubeIDE_1.19.0/STM32CubeIDE/plugins/com.st.stm32cube.ide.mcu.externaltools.gnu-tools-for-stm32.13.3.rel1.win32_1.0.0.202411081344/tools/bin/../lib/gcc/arm-none-eabi/13.3.1/thumb/v7e-m+fp/hard\libgcc.a
LOAD C:/ST/STM32CubeIDE_1.19.0/STM32CubeIDE/plugins/com.st.stm32cube.ide.mcu.externaltools.gnu-tools-for-stm32.13.3.rel1.win32_1.0.0.202411081344/tools/bin/../lib/gcc/arm-none-eabi/13.3.1/../../../../arm-none-eabi/lib/thumb/v7e-m+fp/hard\libc_nano.a
LOAD C:/ST/STM32CubeIDE_1.19.0/STM32CubeIDE/plugins/com.st.stm32cube.ide.mcu.externaltools.gnu-tools-for-stm32.13.3.rel1.win32_1.0.0.202411081344/tools/bin/../lib/gcc/arm-none-eabi/13.3.1/../../../../arm-none-eabi/lib/thumb/v7e-m+fp/hard\libnosys.a
END GROUP
LOAD C:/ST/STM32CubeIDE_1.19.0/STM32CubeIDE/plugins/com.st.stm32cube.ide.mcu.externaltools.gnu-tools-for-stm32.13.3.rel1.win32_1.0.0.202411081344/tools/bin/../lib/gcc/arm-none-eabi/13.3.1/thumb/v7e-m+fp/hard/crtend.o
LOAD C:/ST/STM32CubeIDE_1.19.0/STM32CubeIDE/plugins/com.st.stm32cube.ide.mcu.externaltools.gnu-tools-for-stm32.13.3.rel1.win32_1.0.0.202411081344/tools/bin/../lib/gcc/arm-none-eabi/13.3.1/thumb/v7e-m+fp/hard/crtn.o
                0x200a0000                        _estack = (ORIGIN (RAM) + LENGTH (RAM))
                0x00000200                        _Min_Heap_Size = 0x200
                0x00000400                        _Min_Stack_Size = 0x400

.isr_vector     0x08000000      0x1bc
                0x08000000                        . = ALIGN (0x4)
 *(.isr_vector)
 .isr_vector    0x08000000      0x1bc ./Core/Startup/startup_stm32l4s5vitx.o
                0x08000000                g_pfnVectors
                0x080001bc                        . = ALIGN (0x4)

.text           0x080001c0     0x6ee8
                0x080001c0                        . = ALIGN (0x4)
 *(.text)
 .text          0x080001c0       0x40 C:/ST/STM32CubeIDE_1.19.0/STM32CubeIDE/plugins/com.st.stm32cube.ide.mcu.externaltools.gnu-tools-for-stm32.13.3.rel1.win32_1.0.0.202411081344/tools/bin/../lib/gcc/arm-none-eabi/13.3.1/thumb/v7e-m+fp/hard/crtbegin.o
 .text          0x08000200       0x14 C:/ST/STM32CubeIDE_1.19.0/STM32CubeIDE/plugins/com.st.stm32cube.ide.mcu.externaltools.gnu-tools-for-stm32.13.3.rel1.win32_1.0.0.202411081344/tools/bin/../lib/gcc/arm-none-eabi/13.3.1/../../../../arm-none-eabi/lib/thumb/v7e-m+fp/hard\libc_nano.a(libc_a-strcmp.o)
                0x08000200                strcmp
 .text          0x08000214       0x10 C:/ST/STM32CubeIDE_1.19.0/STM32CubeIDE/plugins/com.st.stm32cube.ide.mcu.externaltools.gnu-tools-for-stm32.13.3.rel1.win32_1.0.0.202411081344/tools/bin/../lib/gcc/arm-none-eabi/13.3.1/../../../../arm-none-eabi/lib/thumb/v7e-m+fp/hard\libc_nano.a(libc_a-strlen.o)
                0x08000214                strlen
 *fill*         0x08000224        0xc 
 .text          0x08000230       0xa0 C:/ST/STM32CubeIDE_1.19.0/STM32CubeIDE/plugins/com.st.stm32cube.ide.mcu.externaltools.gnu-tools-for-stm32.13.3.rel1.win32_1.0.0.202411081344/tools/bin/../lib/gcc/arm-none-eabi/13.3.1/../../../../arm-none-eabi/lib/thumb/v7e-m+fp/hard\libc_nano.a(libc_a-memchr.o)
                0x08000230                memchr
 .text          0x080002d0      0x378 C:/ST/STM32CubeIDE_1.19.0/STM32CubeIDE/plugins/com.st.stm32cube.ide.mcu.externaltools.gnu-tools-for-stm32.13.3.rel1.win32_1.0.0.202411081344/tools/bin/../lib/gcc/arm-none-eabi/13.3.1/thumb/v7e-m+fp/hard\libgcc.a(_arm_addsubdf3.o)
                0x080002d0                __aeabi_drsub
                0x080002d8                __aeabi_dsub
                0x080002d8                __subdf3
                0x080002dc                __aeabi_dadd
                0x080002dc                __adddf3
                0x08000554                __floatunsidf
                0x08000554                __aeabi_ui2d
                0x08000574                __floatsidf
                0x08000574                __aeabi_i2d
                0x08000598                __aeabi_f2d
                0x08000598                __extendsfdf2
                0x080005dc                __floatundidf
                0x080005dc                __aeabi_ul2d
                0x080005ec                __floatdidf
                0x080005ec                __aeabi_l2d
 .text          0x08000648       0x30 C:/ST/STM32CubeIDE_1.19.0/STM32CubeIDE/plugins/com.st.stm32cube.ide.mcu.externaltools.gnu-tools-for-stm32.13.3.rel1.win32_1.0.0.202411081344/tools/bin/../lib/gcc/arm-none-eabi/13.3.1/thumb/v7e-m+fp/hard\libgcc.a(_aeabi_uldivmod.o)
                0x08000648                __aeabi_uldivmod
 .text          0x08000678      0x2f8 C:/ST/STM32CubeIDE_1.19.0/STM32CubeIDE/plugins/com.st.stm32cube.ide.mcu.externaltools.gnu-tools-for-stm32.13.3.rel1.win32_1.0.0.202411081344/tools/bin/../lib/gcc/arm-none-eabi/13.3.1/thumb/v7e-m+fp/hard\libgcc.a(_udivmoddi4.o)
                0x08000678                __udivmoddi4
 .text          0x08000970        0x4 C:/ST/STM32CubeIDE_1.19.0/STM32CubeIDE/plugins/com.st.stm32cube.ide.mcu.externaltools.gnu-tools-for-stm32.13.3.rel1.win32_1.0.0.202411081344/tools/bin/../lib/gcc/arm-none-eabi/13.3.1/thumb/v7e-m+fp/hard\libgcc.a(_dvmd_tls.o)
                0x08000970                __aeabi_idiv0
                0x08000970                __aeabi_ldiv0
 *(.text*)
 .text.Buzzer_Stop
                0x08000974       0x2c ./Core/Src/buzzer.o
 .text.Buzzer_PlayToneInternal
                0x080009a0       0x94 ./Core/Src/buzzer.o
 .text.Buzzer_SequenceAdvance.isra.0
                0x08000a34       0x34 ./Core/Src/buzzer.o
 .text.Buzzer_SequenceStart.part.0
                0x08000a68       0x30 ./Core/Src/buzzer.o
 .text.Buzzer_Init
                0x08000a98       0xb4 ./Core/Src/buzzer.o
                0x08000a98                Buzzer_Init
 .text.Buzzer_Service
                0x08000b4c       0x58 ./Core/Src/buzzer.o
                0x08000b4c                Buzzer_Service
 .text.Buzzer_TestPattern
                0x08000ba4       0x58 ./Core/Src/buzzer.o
                0x08000ba4                Buzzer_TestPattern
 .text.Buzzer_IRQHandler
                0x08000bfc        0xc ./Core/Src/buzzer.o
                0x08000bfc                Buzzer_IRQHandler
 .text.HAL_TIM_PeriodElapsedCallback
                0x08000c08       0x20 ./Core/Src/buzzer.o
                0x08000c08                HAL_TIM_PeriodElapsedCallback
 .text.Buzzer_PlayFailureTune
                0x08000c28       0x34 ./Core/Src/buzzer.o
                0x08000c28                Buzzer_PlayFailureTune
 .text.Buzzer_PlaySuccessTune
                0x08000c5c       0x34 ./Core/Src/buzzer.o
                0x08000c5c                Buzzer_PlaySuccessTune
 .text.grove5way_read_event
                0x08000c90       0x54 ./Core/Src/grove_5way.o
 .text.grove5way_write_cmd.isra.0
                0x08000ce4       0x26 ./Core/Src/grove_5way.o
 *fill*         0x08000d0a        0x2 
 .text.Grove5Way_Init
                0x08000d0c       0x60 ./Core/Src/grove_5way.o
                0x08000d0c                Grove5Way_Init
 .text.Grove5Way_Poll
                0x08000d6c       0x58 ./Core/Src/grove_5way.o
                0x08000d6c                Grove5Way_Poll
 .text.HT16K33_SetBrightness
                0x08000dc4       0x2e ./Core/Src/ht16k33.o
                0x08000dc4                HT16K33_SetBrightness
 .text.HT16K33_SetBlinkRate
                0x08000df2       0x30 ./Core/Src/ht16k33.o
                0x08000df2                HT16K33_SetBlinkRate
 .text.HT16K33_Update
                0x08000e22       0x3c ./Core/Src/ht16k33.o
                0x08000e22                HT16K33_Update
 .text.HT16K33_Clear
                0x08000e5e        0xe ./Core/Src/ht16k33.o
                0x08000e5e                HT16K33_Clear
 .text.HT16K33_Init
                0x08000e6c       0x4e ./Core/Src/ht16k33.o
                0x08000e6c                HT16K33_Init
 .text.HT16K33_SetRow
                0x08000eba       0x14 ./Core/Src/ht16k33.o
                0x08000eba                HT16K33_SetRow
 .text.HT16K33_DrawBitmap64
                0x08000ece       0x5c ./Core/Src/ht16k33.o
                0x08000ece                HT16K33_DrawBitmap64
 .text.HT16K33_DisplayBitmap64
                0x08000f2a       0x18 ./Core/Src/ht16k33.o
                0x08000f2a                HT16K33_DisplayBitmap64
 .text.HT16K33_PlayFrames
                0x08000f42       0x6a ./Core/Src/ht16k33.o
                0x08000f42                HT16K33_PlayFrames
 .text.OLED_ResetStatus
                0x08000fac       0x24 ./Core/Src/main.o
 .text.OLED_RenderLines
                0x08000fd0      0x114 ./Core/Src/main.o
 .text.Arrow_InitDigits
                0x080010e4       0x24 ./Core/Src/main.o
 .text.led_set_blink.part.0
                0x08001108       0x18 ./Core/Src/main.o
 .text.led_set_blink
                0x08001120       0x50 ./Core/Src/main.o
 .text.Arrow_Stop
                0x08001170       0x50 ./Core/Src/main.o
 .text.Arrow_RenderSequence
                0x080011c0      0x154 ./Core/Src/main.o
 .text.OLED_UpdateGameplayDisplay
                0x08001314      0x120 ./Core/Src/main.o
 .text.OLED_SetTemporaryMessage.constprop.0
                0x08001434       0x68 ./Core/Src/main.o
 .text.printu   0x0800149c       0x38 ./Core/Src/main.o
                0x0800149c                printu
 .text.GameOver_Trigger
                0x080014d4      0x104 ./Core/Src/main.o
 .text.Arrow_Fail
                0x080015d8       0x20 ./Core/Src/main.o
 .text.Arrow_UpdateMatrix
                0x080015f8       0xe4 ./Core/Src/main.o
 .text.Arrow_StartGame
                0x080016dc       0xcc ./Core/Src/main.o
 .text.HAL_GPIO_EXTI_Callback
                0x080017a8       0x34 ./Core/Src/main.o
                0x080017a8                HAL_GPIO_EXTI_Callback
 .text.CalibrateGyroscope
                0x080017dc       0xec ./Core/Src/main.o
                0x080017dc                CalibrateGyroscope
 .text.MX_I2C1_Init
                0x080018c8       0x54 ./Core/Src/main.o
                0x080018c8                MX_I2C1_Init
 .text.NFC_Init
                0x0800191c       0x20 ./Core/Src/main.o
                0x0800191c                NFC_Init
 *fill*         0x0800193c        0x4 
 .text.startup.main
                0x08001940      0xeec ./Core/Src/main.o
                0x08001940                main
 .text.Error_Handler
                0x0800282c        0x4 ./Core/Src/main.o
                0x0800282c                Error_Handler
 .text.Menu_RenderStatus
                0x08002830       0xcc ./Core/Src/main.o
                0x08002830                Menu_RenderStatus
 .text.get_next_param
                0x080028fc       0x3c ./Core/Src/menu_system.o
 .text.get_param_value
                0x08002938       0x84 ./Core/Src/menu_system.o
 .text.menu_render_selected
                0x080029bc       0x84 ./Core/Src/menu_system.o
 .text.menu_render_adjust.constprop.0
                0x08002a40       0x98 ./Core/Src/menu_system.o
 .text.Menu_Init
                0x08002ad8       0x10 ./Core/Src/menu_system.o
                0x08002ad8                Menu_Init
 .text.Menu_SetGame
                0x08002ae8       0x24 ./Core/Src/menu_system.o
                0x08002ae8                Menu_SetGame
 .text.Menu_GetState
                0x08002b0c        0x6 ./Core/Src/menu_system.o
                0x08002b0c                Menu_GetState
 *fill*         0x08002b12        0x2 
 .text.Menu_Open
                0x08002b14       0x40 ./Core/Src/menu_system.o
                0x08002b14                Menu_Open
 .text.Menu_Close
                0x08002b54       0x3c ./Core/Src/menu_system.o
                0x08002b54                Menu_Close
 .text.Menu_Process
                0x08002b90      0x32c ./Core/Src/menu_system.o
                0x08002b90                Menu_Process
 .text.SSD1306_Fill
                0x08002ebc       0x18 ./Core/Src/ssd1306.o
                0x08002ebc                SSD1306_Fill
 .text.SSD1306_DrawPixel
                0x08002ed4       0x48 ./Core/Src/ssd1306.o
                0x08002ed4                SSD1306_DrawPixel
 .text.SSD1306_GotoXY
                0x08002f1c        0xc ./Core/Src/ssd1306.o
                0x08002f1c                SSD1306_GotoXY
 .text.SSD1306_Putc
                0x08002f28       0x9c ./Core/Src/ssd1306.o
                0x08002f28                SSD1306_Putc
 .text.SSD1306_Puts
                0x08002fc4       0x20 ./Core/Src/ssd1306.o
                0x08002fc4                SSD1306_Puts
 .text.ssd1306_I2C_Init
                0x08002fe4        0x6 ./Core/Src/ssd1306.o
                0x08002fe4                ssd1306_I2C_Init
 *fill*         0x08002fea        0x2 
 .text.ssd1306_I2C_Write
                0x08002fec       0x28 ./Core/Src/ssd1306.o
                0x08002fec                ssd1306_I2C_Write
 .text.ssd1306_I2C_WriteMulti
                0x08003014       0x38 ./Core/Src/ssd1306.o
                0x08003014                ssd1306_I2C_WriteMulti
 .text.SSD1306_UpdateScreen
                0x0800304c       0x44 ./Core/Src/ssd1306.o
                0x0800304c                SSD1306_UpdateScreen
 .text.SSD1306_Init
                0x08003090      0x168 ./Core/Src/ssd1306.o
                0x08003090                SSD1306_Init
 .text.SSD1306_DrawBitmap
                0x080031f8       0x88 ./Core/Src/ssd1306.o
                0x080031f8                SSD1306_DrawBitmap
 .text.SSD1306_Stopscroll
                0x08003280        0xa ./Core/Src/ssd1306.o
                0x08003280                SSD1306_Stopscroll
 .text.SSD1306_Clear
                0x0800328a       0x10 ./Core/Src/ssd1306.o
                0x0800328a                SSD1306_Clear
 *fill*         0x0800329a        0x2 
 .text.HAL_MspInit
                0x0800329c       0x30 ./Core/Src/stm32l4xx_hal_msp.o
                0x0800329c                HAL_MspInit
 .text.HAL_I2C_MspInit
                0x080032cc       0x60 ./Core/Src/stm32l4xx_hal_msp.o
                0x080032cc                HAL_I2C_MspInit
 .text.HAL_I2C_MspDeInit
                0x0800332c       0x2c ./Core/Src/stm32l4xx_hal_msp.o
                0x0800332c                HAL_I2C_MspDeInit
 .text.HAL_TIM_Base_MspInit
                0x08003358       0x3c ./Core/Src/stm32l4xx_hal_msp.o
                0x08003358                HAL_TIM_Base_MspInit
 .text.NMI_Handler
                0x08003394        0x2 ./Core/Src/stm32l4xx_it.o
                0x08003394                NMI_Handler
 .text.HardFault_Handler
                0x08003396        0x2 ./Core/Src/stm32l4xx_it.o
                0x08003396                HardFault_Handler
 .text.MemManage_Handler
                0x08003398        0x2 ./Core/Src/stm32l4xx_it.o
                0x08003398                MemManage_Handler
 .text.BusFault_Handler
                0x0800339a        0x2 ./Core/Src/stm32l4xx_it.o
                0x0800339a                BusFault_Handler
 .text.UsageFault_Handler
                0x0800339c        0x2 ./Core/Src/stm32l4xx_it.o
                0x0800339c                UsageFault_Handler
 .text.SVC_Handler
                0x0800339e        0x2 ./Core/Src/stm32l4xx_it.o
                0x0800339e                SVC_Handler
 .text.DebugMon_Handler
                0x080033a0        0x2 ./Core/Src/stm32l4xx_it.o
                0x080033a0                DebugMon_Handler
 .text.PendSV_Handler
                0x080033a2        0x2 ./Core/Src/stm32l4xx_it.o
                0x080033a2                PendSV_Handler
 .text.SysTick_Handler
                0x080033a4        0x4 ./Core/Src/stm32l4xx_it.o
                0x080033a4                SysTick_Handler
 .text.EXTI9_5_IRQHandler
                0x080033a8       0x20 ./Core/Src/stm32l4xx_it.o
                0x080033a8                EXTI9_5_IRQHandler
 .text.EXTI15_10_IRQHandler
                0x080033c8       0x36 ./Core/Src/stm32l4xx_it.o
                0x080033c8                EXTI15_10_IRQHandler
 .text.TIM2_IRQHandler
                0x080033fe        0x4 ./Core/Src/stm32l4xx_it.o
                0x080033fe                TIM2_IRQHandler
 .text._getpid  0x08003402        0x4 ./Core/Src/syscalls.o
                0x08003402                _getpid
 .text._kill    0x08003406       0x10 ./Core/Src/syscalls.o
                0x08003406                _kill
 .text._exit    0x08003416        0xc ./Core/Src/syscalls.o
                0x08003416                _exit
 .text._read    0x08003422       0x1c ./Core/Src/syscalls.o
                0x08003422                _read
 .text._write   0x0800343e       0x1c ./Core/Src/syscalls.o
                0x0800343e                _write
 .text._close   0x0800345a        0x6 ./Core/Src/syscalls.o
                0x0800345a                _close
 .text._fstat   0x08003460        0xa ./Core/Src/syscalls.o
                0x08003460                _fstat
 .text._isatty  0x0800346a        0x4 ./Core/Src/syscalls.o
                0x0800346a                _isatty
 .text._lseek   0x0800346e        0x4 ./Core/Src/syscalls.o
                0x0800346e                _lseek
 *fill*         0x08003472        0x2 
 .text._sbrk    0x08003474       0x40 ./Core/Src/sysmem.o
                0x08003474                _sbrk
 .text.SystemInit
                0x080034b4       0x14 ./Core/Src/system_stm32l4xx.o
                0x080034b4                SystemInit
 .text.Reset_Handler
                0x080034c8       0x50 ./Core/Startup/startup_stm32l4s5vitx.o
                0x080034c8                Reset_Handler
 .text.Default_Handler
                0x08003518        0x2 ./Core/Startup/startup_stm32l4s5vitx.o
                0x08003518                RTC_Alarm_IRQHandler
                0x08003518                EXTI2_IRQHandler
                0x08003518                TIM8_TRG_COM_IRQHandler
                0x08003518                TIM8_CC_IRQHandler
                0x08003518                TIM1_CC_IRQHandler
                0x08003518                TSC_IRQHandler
                0x08003518                TAMP_STAMP_IRQHandler
                0x08003518                EXTI3_IRQHandler
                0x08003518                LPTIM2_IRQHandler
                0x08003518                DFSDM1_FLT1_IRQHandler
                0x08003518                GFXMMU_IRQHandler
                0x08003518                I2C3_ER_IRQHandler
                0x08003518                DFSDM1_FLT2_IRQHandler
                0x08003518                EXTI0_IRQHandler
                0x08003518                I2C2_EV_IRQHandler
                0x08003518                CAN1_RX0_IRQHandler
                0x08003518                FPU_IRQHandler
                0x08003518                TIM1_UP_TIM16_IRQHandler
                0x08003518                LTDC_ER_IRQHandler
                0x08003518                SPI1_IRQHandler
                0x08003518                OCTOSPI1_IRQHandler
                0x08003518                TIM6_DAC_IRQHandler
                0x08003518                DCMI_IRQHandler
                0x08003518                TIM8_UP_IRQHandler
                0x08003518                OCTOSPI2_IRQHandler
                0x08003518                DMA2_Channel2_IRQHandler
                0x08003518                DMA1_Channel4_IRQHandler
                0x08003518                SAI2_IRQHandler
                0x08003518                ADC1_IRQHandler
                0x08003518                DFSDM1_FLT3_IRQHandler
                0x08003518                USART3_IRQHandler
                0x08003518                DMA1_Channel7_IRQHandler
                0x08003518                CAN1_RX1_IRQHandler
                0x08003518                UART5_IRQHandler
                0x08003518                TIM4_IRQHandler
                0x08003518                DMA2_Channel1_IRQHandler
                0x08003518                I2C1_EV_IRQHandler
                0x08003518                DMAMUX1_OVR_IRQHandler
                0x08003518                DMA1_Channel6_IRQHandler
                0x08003518                UART4_IRQHandler
                0x08003518                DMA2_Channel4_IRQHandler
                0x08003518                TIM3_IRQHandler
                0x08003518                RCC_IRQHandler
                0x08003518                DMA1_Channel1_IRQHandler
                0x08003518                Default_Handler
                0x08003518                DMA2_Channel7_IRQHandler
                0x08003518                TIM7_IRQHandler
                0x08003518                SDMMC1_IRQHandler
                0x08003518                TIM5_IRQHandler
                0x08003518                I2C3_EV_IRQHandler
                0x08003518                RTC_WKUP_IRQHandler
                0x08003518                LTDC_IRQHandler
                0x08003518                PVD_PVM_IRQHandler
                0x08003518                SPI2_IRQHandler
                0x08003518                CAN1_TX_IRQHandler
                0x08003518                DMA2_Channel5_IRQHandler
                0x08003518                DMA1_Channel5_IRQHandler
                0x08003518                EXTI4_IRQHandler
                0x08003518                RNG_IRQHandler
                0x08003518                TIM1_TRG_COM_TIM17_IRQHandler
                0x08003518                DMA1_Channel3_IRQHandler
                0x08003518                COMP_IRQHandler
                0x08003518                HASH_CRS_IRQHandler
                0x08003518                WWDG_IRQHandler
                0x08003518                I2C4_EV_IRQHandler
                0x08003518                LPUART1_IRQHandler
                0x08003518                DMA2_Channel6_IRQHandler
                0x08003518                DMA2D_IRQHandler
                0x08003518                EXTI1_IRQHandler
                0x08003518                AES_IRQHandler
                0x08003518                USART2_IRQHandler
                0x08003518                DFSDM1_FLT0_IRQHandler
                0x08003518                I2C2_ER_IRQHandler
                0x08003518                DMA1_Channel2_IRQHandler
                0x08003518                TIM8_BRK_IRQHandler
                0x08003518                CAN1_SCE_IRQHandler
                0x08003518                FLASH_IRQHandler
                0x08003518                USART1_IRQHandler
                0x08003518                OTG_FS_IRQHandler
                0x08003518                SPI3_IRQHandler
                0x08003518                I2C1_ER_IRQHandler
                0x08003518                FMC_IRQHandler
                0x08003518                LPTIM1_IRQHandler
                0x08003518                I2C4_ER_IRQHandler
                0x08003518                SAI1_IRQHandler
                0x08003518                DMA2_Channel3_IRQHandler
                0x08003518                TIM1_BRK_TIM15_IRQHandler
 *fill*         0x0800351a        0x2 
 .text.I2Cx_MspDeInit.constprop.0
                0x0800351c       0x28 ./Drivers/BSP/B-L4S5I-IOT01/stm32l4s5i_iot01.o
 .text.I2Cx_Init.constprop.0
                0x08003544       0xc4 ./Drivers/BSP/B-L4S5I-IOT01/stm32l4s5i_iot01.o
 .text.BSP_LED_Init
                0x08003608       0x44 ./Drivers/BSP/B-L4S5I-IOT01/stm32l4s5i_iot01.o
                0x08003608                BSP_LED_Init
 .text.BSP_LED_On
                0x0800364c       0x14 ./Drivers/BSP/B-L4S5I-IOT01/stm32l4s5i_iot01.o
                0x0800364c                BSP_LED_On
 .text.BSP_LED_Off
                0x08003660       0x14 ./Drivers/BSP/B-L4S5I-IOT01/stm32l4s5i_iot01.o
                0x08003660                BSP_LED_Off
 .text.BSP_LED_Toggle
                0x08003674       0x14 ./Drivers/BSP/B-L4S5I-IOT01/stm32l4s5i_iot01.o
                0x08003674                BSP_LED_Toggle
 .text.SENSOR_IO_Init
                0x08003688        0x4 ./Drivers/BSP/B-L4S5I-IOT01/stm32l4s5i_iot01.o
                0x08003688                SENSOR_IO_Init
 .text.SENSOR_IO_Write
                0x0800368c       0x38 ./Drivers/BSP/B-L4S5I-IOT01/stm32l4s5i_iot01.o
                0x0800368c                SENSOR_IO_Write
 .text.SENSOR_IO_Read
                0x080036c4       0x3c ./Drivers/BSP/B-L4S5I-IOT01/stm32l4s5i_iot01.o
                0x080036c4                SENSOR_IO_Read
 .text.SENSOR_IO_ReadMultiple
                0x08003700       0x30 ./Drivers/BSP/B-L4S5I-IOT01/stm32l4s5i_iot01.o
                0x08003700                SENSOR_IO_ReadMultiple
 .text.NFC_IO_Init
                0x08003730       0x58 ./Drivers/BSP/B-L4S5I-IOT01/stm32l4s5i_iot01.o
                0x08003730                NFC_IO_Init
 .text.NFC_IO_DeInit
                0x08003788       0x14 ./Drivers/BSP/B-L4S5I-IOT01/stm32l4s5i_iot01.o
                0x08003788                NFC_IO_DeInit
 .text.NFC_IO_IsDeviceReady
                0x0800379c       0x44 ./Drivers/BSP/B-L4S5I-IOT01/stm32l4s5i_iot01.o
                0x0800379c                NFC_IO_IsDeviceReady
 .text.NFC_IO_WriteReg16
                0x080037e0       0x34 ./Drivers/BSP/B-L4S5I-IOT01/stm32l4s5i_iot01.o
                0x080037e0                NFC_IO_WriteReg16
 .text.NFC_IO_ReadReg16
                0x08003814       0x34 ./Drivers/BSP/B-L4S5I-IOT01/stm32l4s5i_iot01.o
                0x08003814                NFC_IO_ReadReg16
 .text.NFC_IO_Tick
                0x08003848        0x4 ./Drivers/BSP/B-L4S5I-IOT01/stm32l4s5i_iot01.o
                0x08003848                NFC_IO_Tick
 .text.BSP_ACCELERO_Init
                0x0800384c       0x28 ./Drivers/BSP/B-L4S5I-IOT01/stm32l4s5i_iot01_accelero.o
                0x0800384c                BSP_ACCELERO_Init
 .text.BSP_ACCELERO_AccGetXYZ
                0x08003874       0x14 ./Drivers/BSP/B-L4S5I-IOT01/stm32l4s5i_iot01_accelero.o
                0x08003874                BSP_ACCELERO_AccGetXYZ
 .text.BSP_GYRO_Init
                0x08003888       0x28 ./Drivers/BSP/B-L4S5I-IOT01/stm32l4s5i_iot01_gyro.o
                0x08003888                BSP_GYRO_Init
 .text.BSP_GYRO_GetXYZ
                0x080038b0       0x14 ./Drivers/BSP/B-L4S5I-IOT01/stm32l4s5i_iot01_gyro.o
                0x080038b0                BSP_GYRO_GetXYZ
 .text.BSP_HSENSOR_Init
                0x080038c4       0x28 ./Drivers/BSP/B-L4S5I-IOT01/stm32l4s5i_iot01_hsensor.o
                0x080038c4                BSP_HSENSOR_Init
 .text.BSP_HSENSOR_ReadHumidity
                0x080038ec       0x10 ./Drivers/BSP/B-L4S5I-IOT01/stm32l4s5i_iot01_hsensor.o
                0x080038ec                BSP_HSENSOR_ReadHumidity
 .text.BSP_MAGNETO_Init
                0x080038fc       0x3c ./Drivers/BSP/B-L4S5I-IOT01/stm32l4s5i_iot01_magneto.o
                0x080038fc                BSP_MAGNETO_Init
 .text.BSP_MAGNETO_GetXYZ
                0x08003938       0x14 ./Drivers/BSP/B-L4S5I-IOT01/stm32l4s5i_iot01_magneto.o
                0x08003938                BSP_MAGNETO_GetXYZ
 .text.BSP_NFCTAG_Init
                0x0800394c       0x68 ./Drivers/BSP/B-L4S5I-IOT01/stm32l4s5i_iot01_nfctag.o
                0x0800394c                BSP_NFCTAG_Init
 .text.BSP_NFCTAG_GetRFField_Dyn
                0x080039b4        0xc ./Drivers/BSP/B-L4S5I-IOT01/stm32l4s5i_iot01_nfctag.o
                0x080039b4                BSP_NFCTAG_GetRFField_Dyn
 .text.BSP_PSENSOR_Init
                0x080039c0       0x28 ./Drivers/BSP/B-L4S5I-IOT01/stm32l4s5i_iot01_psensor.o
                0x080039c0                BSP_PSENSOR_Init
 .text.BSP_PSENSOR_ReadPressure
                0x080039e8       0x10 ./Drivers/BSP/B-L4S5I-IOT01/stm32l4s5i_iot01_psensor.o
                0x080039e8                BSP_PSENSOR_ReadPressure
 .text.BSP_TSENSOR_Init
                0x080039f8       0x24 ./Drivers/BSP/B-L4S5I-IOT01/stm32l4s5i_iot01_tsensor.o
                0x080039f8                BSP_TSENSOR_Init
 .text.BSP_TSENSOR_ReadTemp
                0x08003a1c       0x10 ./Drivers/BSP/B-L4S5I-IOT01/stm32l4s5i_iot01_tsensor.o
                0x08003a1c                BSP_TSENSOR_ReadTemp
 .text.HTS221_H_Init
                0x08003a2c       0x20 ./Drivers/BSP/Components/hts221/hts221.o
                0x08003a2c                HTS221_H_Init
 .text.HTS221_T_Init
                0x08003a4c       0x20 ./Drivers/BSP/Components/hts221/hts221.o
                0x08003a4c                HTS221_T_Init
 .text.HTS221_H_ReadID
                0x08003a6c       0x14 ./Drivers/BSP/Components/hts221/hts221.o
                0x08003a6c                HTS221_H_ReadID
 .text.HTS221_H_ReadHumidity
                0x08003a80       0xc0 ./Drivers/BSP/Components/hts221/hts221.o
                0x08003a80                HTS221_H_ReadHumidity
 .text.HTS221_T_ReadTemp
                0x08003b40       0x9a ./Drivers/BSP/Components/hts221/hts221.o
                0x08003b40                HTS221_T_ReadTemp
 .text.LIS3MDL_MagInit
                0x08003bda       0x4a ./Drivers/BSP/Components/lis3mdl/lis3mdl.o
                0x08003bda                LIS3MDL_MagInit
 .text.LIS3MDL_MagDeInit
                0x08003c24       0x1e ./Drivers/BSP/Components/lis3mdl/lis3mdl.o
                0x08003c24                LIS3MDL_MagDeInit
 .text.LIS3MDL_MagLowPower
                0x08003c42       0x22 ./Drivers/BSP/Components/lis3mdl/lis3mdl.o
                0x08003c42                LIS3MDL_MagLowPower
 .text.LIS3MDL_MagReadID
                0x08003c64       0x12 ./Drivers/BSP/Components/lis3mdl/lis3mdl.o
                0x08003c64                LIS3MDL_MagReadID
 *fill*         0x08003c76        0x2 
 .text.LIS3MDL_MagReadXYZ
                0x08003c78       0x94 ./Drivers/BSP/Components/lis3mdl/lis3mdl.o
                0x08003c78                LIS3MDL_MagReadXYZ
 .text.LPS22HB_P_ReadPressure
                0x08003d0c       0x54 ./Drivers/BSP/Components/lps22hb/lps22hb.o
                0x08003d0c                LPS22HB_P_ReadPressure
 .text.LPS22HB_Init
                0x08003d60       0x38 ./Drivers/BSP/Components/lps22hb/lps22hb.o
 .text.LPS22HB_P_Init
                0x08003d98        0x4 ./Drivers/BSP/Components/lps22hb/lps22hb.o
                0x08003d98                LPS22HB_P_Init
 .text.LPS22HB_P_ReadID
                0x08003d9c       0x14 ./Drivers/BSP/Components/lps22hb/lps22hb.o
                0x08003d9c                LPS22HB_P_ReadID
 .text.LSM6DSL_AccInit
                0x08003db0       0x38 ./Drivers/BSP/Components/lsm6dsl/lsm6dsl.o
                0x08003db0                LSM6DSL_AccInit
 .text.LSM6DSL_AccDeInit
                0x08003de8       0x1a ./Drivers/BSP/Components/lsm6dsl/lsm6dsl.o
                0x08003de8                LSM6DSL_AccDeInit
 .text.LSM6DSL_AccLowPower
                0x08003e02       0x22 ./Drivers/BSP/Components/lsm6dsl/lsm6dsl.o
                0x08003e02                LSM6DSL_AccLowPower
 .text.LSM6DSL_GyroInit
                0x08003e24       0x38 ./Drivers/BSP/Components/lsm6dsl/lsm6dsl.o
                0x08003e24                LSM6DSL_GyroInit
 .text.LSM6DSL_GyroDeInit
                0x08003e5c       0x1a ./Drivers/BSP/Components/lsm6dsl/lsm6dsl.o
                0x08003e5c                LSM6DSL_GyroDeInit
 .text.LSM6DSL_GyroLowPower
                0x08003e76       0x22 ./Drivers/BSP/Components/lsm6dsl/lsm6dsl.o
                0x08003e76                LSM6DSL_GyroLowPower
 .text.LSM6DSL_AccReadID
                0x08003e98       0x12 ./Drivers/BSP/Components/lsm6dsl/lsm6dsl.o
                0x08003e98                LSM6DSL_AccReadID
 .text.LSM6DSL_GyroReadID
                0x08003eaa        0x4 ./Drivers/BSP/Components/lsm6dsl/lsm6dsl.o
                0x08003eaa                LSM6DSL_GyroReadID
 *fill*         0x08003eae        0x2 
 .text.LSM6DSL_AccReadXYZ
                0x08003eb0       0x64 ./Drivers/BSP/Components/lsm6dsl/lsm6dsl.o
                0x08003eb0                LSM6DSL_AccReadXYZ
 .text.LSM6DSL_GyroReadXYZAngRate
                0x08003f14       0x6c ./Drivers/BSP/Components/lsm6dsl/lsm6dsl.o
                0x08003f14                LSM6DSL_GyroReadXYZAngRate
 .text.ST25DV_IsDeviceReady
                0x08003f80        0x6 ./Drivers/BSP/Components/st25dv/st25dv.o
 .text.ST25DV_ReadData
                0x08003f86       0x12 ./Drivers/BSP/Components/st25dv/st25dv.o
 .text.ST25DV_WriteData
                0x08003f98       0x72 ./Drivers/BSP/Components/st25dv/st25dv.o
 .text.ST25DV_ConfigureGPO
                0x0800400a       0x16 ./Drivers/BSP/Components/st25dv/st25dv.o
 .text.ST25DV_GetGPOStatus
                0x08004020       0x1a ./Drivers/BSP/Components/st25dv/st25dv.o
 .text.ST25DV_ReadID
                0x0800403a        0x6 ./Drivers/BSP/Components/st25dv/st25dv.o
 .text.ReadRegWrap
                0x08004040       0x16 ./Drivers/BSP/Components/st25dv/st25dv.o
 .text.WriteRegWrap
                0x08004056       0x4e ./Drivers/BSP/Components/st25dv/st25dv.o
 .text.ST25DV_Init
                0x080040a4       0x2c ./Drivers/BSP/Components/st25dv/st25dv.o
 .text.ST25DV_RegisterBusIO
                0x080040d0       0x44 ./Drivers/BSP/Components/st25dv/st25dv.o
                0x080040d0                ST25DV_RegisterBusIO
 .text.ST25DV_GetRFField_Dyn
                0x08004114       0x28 ./Drivers/BSP/Components/st25dv/st25dv.o
                0x08004114                ST25DV_GetRFField_Dyn
 .text.st25dv_readreg
                0x0800413c        0xe ./Drivers/BSP/Components/st25dv/st25dv_reg.o
                0x0800413c                st25dv_readreg
 .text.st25dv_WriteReg
                0x0800414a        0xe ./Drivers/BSP/Components/st25dv/st25dv_reg.o
                0x0800414a                st25dv_WriteReg
 .text.st25dv_get_icref
                0x08004158       0x16 ./Drivers/BSP/Components/st25dv/st25dv_reg.o
                0x08004158                st25dv_get_icref
 .text.st25dv_get_gpo_all
                0x0800416e       0x16 ./Drivers/BSP/Components/st25dv/st25dv_reg.o
                0x0800416e                st25dv_get_gpo_all
 .text.st25dv_set_gpo_all
                0x08004184       0x16 ./Drivers/BSP/Components/st25dv/st25dv_reg.o
                0x08004184                st25dv_set_gpo_all
 .text.st25dv_get_eh_ctrl_dyn_field_on
                0x0800419a       0x22 ./Drivers/BSP/Components/st25dv/st25dv_reg.o
                0x0800419a                st25dv_get_eh_ctrl_dyn_field_on
 .text.HAL_InitTick
                0x080041bc       0x4c ./Drivers/STM32L4xx_HAL_Driver/Src/stm32l4xx_hal.o
                0x080041bc                HAL_InitTick
 .text.HAL_Init
                0x08004208       0x1e ./Drivers/STM32L4xx_HAL_Driver/Src/stm32l4xx_hal.o
                0x08004208                HAL_Init
 *fill*         0x08004226        0x2 
 .text.HAL_IncTick
                0x08004228       0x18 ./Drivers/STM32L4xx_HAL_Driver/Src/stm32l4xx_hal.o
                0x08004228                HAL_IncTick
 .text.HAL_GetTick
                0x08004240        0xc ./Drivers/STM32L4xx_HAL_Driver/Src/stm32l4xx_hal.o
                0x08004240                HAL_GetTick
 .text.HAL_Delay
                0x0800424c       0x28 ./Drivers/STM32L4xx_HAL_Driver/Src/stm32l4xx_hal.o
                0x0800424c                HAL_Delay
 .text.HAL_NVIC_SetPriorityGrouping
                0x08004274       0x24 ./Drivers/STM32L4xx_HAL_Driver/Src/stm32l4xx_hal_cortex.o
                0x08004274                HAL_NVIC_SetPriorityGrouping
 .text.HAL_NVIC_SetPriority
                0x08004298       0x64 ./Drivers/STM32L4xx_HAL_Driver/Src/stm32l4xx_hal_cortex.o
                0x08004298                HAL_NVIC_SetPriority
 .text.HAL_NVIC_EnableIRQ
                0x080042fc       0x1c ./Drivers/STM32L4xx_HAL_Driver/Src/stm32l4xx_hal_cortex.o
                0x080042fc                HAL_NVIC_EnableIRQ
 .text.HAL_SYSTICK_Config
                0x08004318       0x28 ./Drivers/STM32L4xx_HAL_Driver/Src/stm32l4xx_hal_cortex.o
                0x08004318                HAL_SYSTICK_Config
 .text.HAL_GPIO_Init
                0x08004340      0x1ac ./Drivers/STM32L4xx_HAL_Driver/Src/stm32l4xx_hal_gpio.o
                0x08004340                HAL_GPIO_Init
 .text.HAL_GPIO_DeInit
                0x080044ec      0x118 ./Drivers/STM32L4xx_HAL_Driver/Src/stm32l4xx_hal_gpio.o
                0x080044ec                HAL_GPIO_DeInit
 .text.HAL_GPIO_WritePin
                0x08004604        0xa ./Drivers/STM32L4xx_HAL_Driver/Src/stm32l4xx_hal_gpio.o
                0x08004604                HAL_GPIO_WritePin
 .text.HAL_GPIO_TogglePin
                0x0800460e       0x12 ./Drivers/STM32L4xx_HAL_Driver/Src/stm32l4xx_hal_gpio.o
                0x0800460e                HAL_GPIO_TogglePin
 .text.HAL_GPIO_EXTI_IRQHandler
                0x08004620       0x18 ./Drivers/STM32L4xx_HAL_Driver/Src/stm32l4xx_hal_gpio.o
                0x08004620                HAL_GPIO_EXTI_IRQHandler
 .text.I2C_Flush_TXDR
                0x08004638       0x1c ./Drivers/STM32L4xx_HAL_Driver/Src/stm32l4xx_hal_i2c.o
 .text.I2C_TransferConfig
                0x08004654       0x2c ./Drivers/STM32L4xx_HAL_Driver/Src/stm32l4xx_hal_i2c.o
 .text.I2C_IsErrorOccurred
                0x08004680      0x100 ./Drivers/STM32L4xx_HAL_Driver/Src/stm32l4xx_hal_i2c.o
 .text.I2C_WaitOnTXISFlagUntilTimeout
                0x08004780       0x56 ./Drivers/STM32L4xx_HAL_Driver/Src/stm32l4xx_hal_i2c.o
 .text.I2C_WaitOnFlagUntilTimeout
                0x080047d6       0x66 ./Drivers/STM32L4xx_HAL_Driver/Src/stm32l4xx_hal_i2c.o
 .text.I2C_WaitOnSTOPFlagUntilTimeout
                0x0800483c       0x52 ./Drivers/STM32L4xx_HAL_Driver/Src/stm32l4xx_hal_i2c.o
 .text.I2C_WaitOnRXNEFlagUntilTimeout
                0x0800488e       0x98 ./Drivers/STM32L4xx_HAL_Driver/Src/stm32l4xx_hal_i2c.o
 .text.HAL_I2C_Init
                0x08004926       0xaa ./Drivers/STM32L4xx_HAL_Driver/Src/stm32l4xx_hal_i2c.o
                0x08004926                HAL_I2C_Init
 .text.HAL_I2C_DeInit
                0x080049d0       0x32 ./Drivers/STM32L4xx_HAL_Driver/Src/stm32l4xx_hal_i2c.o
                0x080049d0                HAL_I2C_DeInit
 *fill*         0x08004a02        0x2 
 .text.HAL_I2C_Master_Transmit
                0x08004a04      0x15c ./Drivers/STM32L4xx_HAL_Driver/Src/stm32l4xx_hal_i2c.o
                0x08004a04                HAL_I2C_Master_Transmit
 .text.HAL_I2C_Master_Receive
                0x08004b60      0x130 ./Drivers/STM32L4xx_HAL_Driver/Src/stm32l4xx_hal_i2c.o
                0x08004b60                HAL_I2C_Master_Receive
 .text.HAL_I2C_Mem_Write
                0x08004c90      0x1b4 ./Drivers/STM32L4xx_HAL_Driver/Src/stm32l4xx_hal_i2c.o
                0x08004c90                HAL_I2C_Mem_Write
 .text.HAL_I2C_Mem_Read
                0x08004e44      0x1bc ./Drivers/STM32L4xx_HAL_Driver/Src/stm32l4xx_hal_i2c.o
                0x08004e44                HAL_I2C_Mem_Read
 .text.HAL_I2C_IsDeviceReady
                0x08005000      0x118 ./Drivers/STM32L4xx_HAL_Driver/Src/stm32l4xx_hal_i2c.o
                0x08005000                HAL_I2C_IsDeviceReady
 .text.HAL_I2C_GetError
                0x08005118        0x4 ./Drivers/STM32L4xx_HAL_Driver/Src/stm32l4xx_hal_i2c.o
                0x08005118                HAL_I2C_GetError
 .text.HAL_I2CEx_ConfigAnalogFilter
                0x0800511c       0x4c ./Drivers/STM32L4xx_HAL_Driver/Src/stm32l4xx_hal_i2c_ex.o
                0x0800511c                HAL_I2CEx_ConfigAnalogFilter
 .text.HAL_I2CEx_ConfigDigitalFilter
                0x08005168       0x4a ./Drivers/STM32L4xx_HAL_Driver/Src/stm32l4xx_hal_i2c_ex.o
                0x08005168                HAL_I2CEx_ConfigDigitalFilter
 *fill*         0x080051b2        0x2 
 .text.HAL_RCC_GetSysClockFreq
                0x080051b4       0x94 ./Drivers/STM32L4xx_HAL_Driver/Src/stm32l4xx_hal_rcc.o
                0x080051b4                HAL_RCC_GetSysClockFreq
 .text.HAL_RCC_GetPCLK1Freq
                0x08005248       0x24 ./Drivers/STM32L4xx_HAL_Driver/Src/stm32l4xx_hal_rcc.o
                0x08005248                HAL_RCC_GetPCLK1Freq
 .text.HAL_RCC_GetPCLK2Freq
                0x0800526c       0x24 ./Drivers/STM32L4xx_HAL_Driver/Src/stm32l4xx_hal_rcc.o
                0x0800526c                HAL_RCC_GetPCLK2Freq
 .text.HAL_RCC_GetClockConfig
                0x08005290       0x3c ./Drivers/STM32L4xx_HAL_Driver/Src/stm32l4xx_hal_rcc.o
                0x08005290                HAL_RCC_GetClockConfig
 .text.HAL_TIM_Base_Start_IT
                0x080052cc       0x74 ./Drivers/STM32L4xx_HAL_Driver/Src/stm32l4xx_hal_tim.o
                0x080052cc                HAL_TIM_Base_Start_IT
 .text.HAL_TIM_Base_Stop_IT
                0x08005340       0x30 ./Drivers/STM32L4xx_HAL_Driver/Src/stm32l4xx_hal_tim.o
                0x08005340                HAL_TIM_Base_Stop_IT
 .text.HAL_TIM_OC_DelayElapsedCallback
                0x08005370        0x2 ./Drivers/STM32L4xx_HAL_Driver/Src/stm32l4xx_hal_tim.o
                0x08005370                HAL_TIM_OC_DelayElapsedCallback
 .text.HAL_TIM_IC_CaptureCallback
                0x08005372        0x2 ./Drivers/STM32L4xx_HAL_Driver/Src/stm32l4xx_hal_tim.o
                0x08005372                HAL_TIM_IC_CaptureCallback
 .text.HAL_TIM_PWM_PulseFinishedCallback
                0x08005374        0x2 ./Drivers/STM32L4xx_HAL_Driver/Src/stm32l4xx_hal_tim.o
                0x08005374                HAL_TIM_PWM_PulseFinishedCallback
 .text.HAL_TIM_TriggerCallback
                0x08005376        0x2 ./Drivers/STM32L4xx_HAL_Driver/Src/stm32l4xx_hal_tim.o
                0x08005376                HAL_TIM_TriggerCallback
 .text.HAL_TIM_IRQHandler
                0x08005378      0x13e ./Drivers/STM32L4xx_HAL_Driver/Src/stm32l4xx_hal_tim.o
                0x08005378                HAL_TIM_IRQHandler
 *fill*         0x080054b6        0x2 
 .text.TIM_Base_SetConfig
                0x080054b8       0xa0 ./Drivers/STM32L4xx_HAL_Driver/Src/stm32l4xx_hal_tim.o
                0x080054b8                TIM_Base_SetConfig
 .text.HAL_TIM_Base_Init
                0x08005558       0x60 ./Drivers/STM32L4xx_HAL_Driver/Src/stm32l4xx_hal_tim.o
                0x08005558                HAL_TIM_Base_Init
 .text.HAL_TIMEx_CommutCallback
                0x080055b8        0x2 ./Drivers/STM32L4xx_HAL_Driver/Src/stm32l4xx_hal_tim_ex.o
                0x080055b8                HAL_TIMEx_CommutCallback
 .text.HAL_TIMEx_BreakCallback
                0x080055ba        0x2 ./Drivers/STM32L4xx_HAL_Driver/Src/stm32l4xx_hal_tim_ex.o
                0x080055ba                HAL_TIMEx_BreakCallback
 .text.HAL_TIMEx_Break2Callback
                0x080055bc        0x2 ./Drivers/STM32L4xx_HAL_Driver/Src/stm32l4xx_hal_tim_ex.o
                0x080055bc                HAL_TIMEx_Break2Callback
 *fill*         0x080055be        0x2 
 .text.UART_EndRxTransfer
                0x080055c0       0x58 ./Drivers/STM32L4xx_HAL_Driver/Src/stm32l4xx_hal_uart.o
 .text.HAL_UART_MspInit
                0x08005618        0x2 ./Drivers/STM32L4xx_HAL_Driver/Src/stm32l4xx_hal_uart.o
                0x08005618                HAL_UART_MspInit
 *fill*         0x0800561a        0x2 
 .text.UART_SetConfig
                0x0800561c      0x258 ./Drivers/STM32L4xx_HAL_Driver/Src/stm32l4xx_hal_uart.o
                0x0800561c                UART_SetConfig
 .text.UART_AdvFeatureConfig
                0x08005874       0xa8 ./Drivers/STM32L4xx_HAL_Driver/Src/stm32l4xx_hal_uart.o
                0x08005874                UART_AdvFeatureConfig
 .text.UART_WaitOnFlagUntilTimeout
                0x0800591c       0x88 ./Drivers/STM32L4xx_HAL_Driver/Src/stm32l4xx_hal_uart.o
                0x0800591c                UART_WaitOnFlagUntilTimeout
 .text.HAL_UART_Transmit
                0x080059a4       0xaa ./Drivers/STM32L4xx_HAL_Driver/Src/stm32l4xx_hal_uart.o
                0x080059a4                HAL_UART_Transmit
 .text.UART_CheckIdleState
                0x08005a4e       0xb6 ./Drivers/STM32L4xx_HAL_Driver/Src/stm32l4xx_hal_uart.o
                0x08005a4e                UART_CheckIdleState
 .text.HAL_UART_Init
                0x08005b04       0x60 ./Drivers/STM32L4xx_HAL_Driver/Src/stm32l4xx_hal_uart.o
                0x08005b04                HAL_UART_Init
 .text.srand    0x08005b64       0x5c C:/ST/STM32CubeIDE_1.19.0/STM32CubeIDE/plugins/com.st.stm32cube.ide.mcu.externaltools.gnu-tools-for-stm32.13.3.rel1.win32_1.0.0.202411081344/tools/bin/../lib/gcc/arm-none-eabi/13.3.1/../../../../arm-none-eabi/lib/thumb/v7e-m+fp/hard\libc_nano.a(libc_a-rand.o)
                0x08005b64                srand
 .text.rand     0x08005bc0       0x7c C:/ST/STM32CubeIDE_1.19.0/STM32CubeIDE/plugins/com.st.stm32cube.ide.mcu.externaltools.gnu-tools-for-stm32.13.3.rel1.win32_1.0.0.202411081344/tools/bin/../lib/gcc/arm-none-eabi/13.3.1/../../../../arm-none-eabi/lib/thumb/v7e-m+fp/hard\libc_nano.a(libc_a-rand.o)
                0x08005bc0                rand
 .text.std      0x08005c3c       0x6c C:/ST/STM32CubeIDE_1.19.0/STM32CubeIDE/plugins/com.st.stm32cube.ide.mcu.externaltools.gnu-tools-for-stm32.13.3.rel1.win32_1.0.0.202411081344/tools/bin/../lib/gcc/arm-none-eabi/13.3.1/../../../../arm-none-eabi/lib/thumb/v7e-m+fp/hard\libc_nano.a(libc_a-findfp.o)
 .text.stdio_exit_handler
                0x08005ca8       0x18 C:/ST/STM32CubeIDE_1.19.0/STM32CubeIDE/plugins/com.st.stm32cube.ide.mcu.externaltools.gnu-tools-for-stm32.13.3.rel1.win32_1.0.0.202411081344/tools/bin/../lib/gcc/arm-none-eabi/13.3.1/../../../../arm-none-eabi/lib/thumb/v7e-m+fp/hard\libc_nano.a(libc_a-findfp.o)
 .text.cleanup_stdio
                0x08005cc0       0x40 C:/ST/STM32CubeIDE_1.19.0/STM32CubeIDE/plugins/com.st.stm32cube.ide.mcu.externaltools.gnu-tools-for-stm32.13.3.rel1.win32_1.0.0.202411081344/tools/bin/../lib/gcc/arm-none-eabi/13.3.1/../../../../arm-none-eabi/lib/thumb/v7e-m+fp/hard\libc_nano.a(libc_a-findfp.o)
 .text.global_stdio_init.part.0
                0x08005d00       0x3c C:/ST/STM32CubeIDE_1.19.0/STM32CubeIDE/plugins/com.st.stm32cube.ide.mcu.externaltools.gnu-tools-for-stm32.13.3.rel1.win32_1.0.0.202411081344/tools/bin/../lib/gcc/arm-none-eabi/13.3.1/../../../../arm-none-eabi/lib/thumb/v7e-m+fp/hard\libc_nano.a(libc_a-findfp.o)
 .text.__sfp_lock_acquire
                0x08005d3c        0xc C:/ST/STM32CubeIDE_1.19.0/STM32CubeIDE/plugins/com.st.stm32cube.ide.mcu.externaltools.gnu-tools-for-stm32.13.3.rel1.win32_1.0.0.202411081344/tools/bin/../lib/gcc/arm-none-eabi/13.3.1/../../../../arm-none-eabi/lib/thumb/v7e-m+fp/hard\libc_nano.a(libc_a-findfp.o)
                0x08005d3c                __sfp_lock_acquire
 .text.__sfp_lock_release
                0x08005d48        0xc C:/ST/STM32CubeIDE_1.19.0/STM32CubeIDE/plugins/com.st.stm32cube.ide.mcu.externaltools.gnu-tools-for-stm32.13.3.rel1.win32_1.0.0.202411081344/tools/bin/../lib/gcc/arm-none-eabi/13.3.1/../../../../arm-none-eabi/lib/thumb/v7e-m+fp/hard\libc_nano.a(libc_a-findfp.o)
                0x08005d48                __sfp_lock_release
 .text.__sinit  0x08005d54       0x30 C:/ST/STM32CubeIDE_1.19.0/STM32CubeIDE/plugins/com.st.stm32cube.ide.mcu.externaltools.gnu-tools-for-stm32.13.3.rel1.win32_1.0.0.202411081344/tools/bin/../lib/gcc/arm-none-eabi/13.3.1/../../../../arm-none-eabi/lib/thumb/v7e-m+fp/hard\libc_nano.a(libc_a-findfp.o)
                0x08005d54                __sinit
 .text._fwalk_sglue
                0x08005d84       0x3c C:/ST/STM32CubeIDE_1.19.0/STM32CubeIDE/plugins/com.st.stm32cube.ide.mcu.externaltools.gnu-tools-for-stm32.13.3.rel1.win32_1.0.0.202411081344/tools/bin/../lib/gcc/arm-none-eabi/13.3.1/../../../../arm-none-eabi/lib/thumb/v7e-m+fp/hard\libc_nano.a(libc_a-fwalk.o)
                0x08005d84                _fwalk_sglue
 .text.snprintf
                0x08005dc0       0x6c C:/ST/STM32CubeIDE_1.19.0/STM32CubeIDE/plugins/com.st.stm32cube.ide.mcu.externaltools.gnu-tools-for-stm32.13.3.rel1.win32_1.0.0.202411081344/tools/bin/../lib/gcc/arm-none-eabi/13.3.1/../../../../arm-none-eabi/lib/thumb/v7e-m+fp/hard\libc_nano.a(libc_a-snprintf.o)
                0x08005dc0                sniprintf
                0x08005dc0                snprintf
 .text.__sread  0x08005e2c       0x22 C:/ST/STM32CubeIDE_1.19.0/STM32CubeIDE/plugins/com.st.stm32cube.ide.mcu.externaltools.gnu-tools-for-stm32.13.3.rel1.win32_1.0.0.202411081344/tools/bin/../lib/gcc/arm-none-eabi/13.3.1/../../../../arm-none-eabi/lib/thumb/v7e-m+fp/hard\libc_nano.a(libc_a-stdio.o)
                0x08005e2c                __sread
 .text.__swrite
                0x08005e4e       0x38 C:/ST/STM32CubeIDE_1.19.0/STM32CubeIDE/plugins/com.st.stm32cube.ide.mcu.externaltools.gnu-tools-for-stm32.13.3.rel1.win32_1.0.0.202411081344/tools/bin/../lib/gcc/arm-none-eabi/13.3.1/../../../../arm-none-eabi/lib/thumb/v7e-m+fp/hard\libc_nano.a(libc_a-stdio.o)
                0x08005e4e                __swrite
 .text.__sseek  0x08005e86       0x24 C:/ST/STM32CubeIDE_1.19.0/STM32CubeIDE/plugins/com.st.stm32cube.ide.mcu.externaltools.gnu-tools-for-stm32.13.3.rel1.win32_1.0.0.202411081344/tools/bin/../lib/gcc/arm-none-eabi/13.3.1/../../../../arm-none-eabi/lib/thumb/v7e-m+fp/hard\libc_nano.a(libc_a-stdio.o)
                0x08005e86                __sseek
 .text.__sclose
                0x08005eaa        0x8 C:/ST/STM32CubeIDE_1.19.0/STM32CubeIDE/plugins/com.st.stm32cube.ide.mcu.externaltools.gnu-tools-for-stm32.13.3.rel1.win32_1.0.0.202411081344/tools/bin/../lib/gcc/arm-none-eabi/13.3.1/../../../../arm-none-eabi/lib/thumb/v7e-m+fp/hard\libc_nano.a(libc_a-stdio.o)
                0x08005eaa                __sclose
 .text._vsnprintf_r
                0x08005eb2       0x5c C:/ST/STM32CubeIDE_1.19.0/STM32CubeIDE/plugins/com.st.stm32cube.ide.mcu.externaltools.gnu-tools-for-stm32.13.3.rel1.win32_1.0.0.202411081344/tools/bin/../lib/gcc/arm-none-eabi/13.3.1/../../../../arm-none-eabi/lib/thumb/v7e-m+fp/hard\libc_nano.a(libc_a-vsnprintf.o)
                0x08005eb2                _vsniprintf_r
                0x08005eb2                _vsnprintf_r
 *fill*         0x08005f0e        0x2 
 .text.vsnprintf
                0x08005f10       0x1c C:/ST/STM32CubeIDE_1.19.0/STM32CubeIDE/plugins/com.st.stm32cube.ide.mcu.externaltools.gnu-tools-for-stm32.13.3.rel1.win32_1.0.0.202411081344/tools/bin/../lib/gcc/arm-none-eabi/13.3.1/../../../../arm-none-eabi/lib/thumb/v7e-m+fp/hard\libc_nano.a(libc_a-vsnprintf.o)
                0x08005f10                vsniprintf
                0x08005f10                vsnprintf
 .text.__swbuf_r
                0x08005f2c       0x7c C:/ST/STM32CubeIDE_1.19.0/STM32CubeIDE/plugins/com.st.stm32cube.ide.mcu.externaltools.gnu-tools-for-stm32.13.3.rel1.win32_1.0.0.202411081344/tools/bin/../lib/gcc/arm-none-eabi/13.3.1/../../../../arm-none-eabi/lib/thumb/v7e-m+fp/hard\libc_nano.a(libc_a-wbuf.o)
                0x08005f2c                __swbuf_r
 .text.__swsetup_r
                0x08005fa8       0xac C:/ST/STM32CubeIDE_1.19.0/STM32CubeIDE/plugins/com.st.stm32cube.ide.mcu.externaltools.gnu-tools-for-stm32.13.3.rel1.win32_1.0.0.202411081344/tools/bin/../lib/gcc/arm-none-eabi/13.3.1/../../../../arm-none-eabi/lib/thumb/v7e-m+fp/hard\libc_nano.a(libc_a-wsetup.o)
                0x08005fa8                __swsetup_r
 .text.memset   0x08006054       0x10 C:/ST/STM32CubeIDE_1.19.0/STM32CubeIDE/plugins/com.st.stm32cube.ide.mcu.externaltools.gnu-tools-for-stm32.13.3.rel1.win32_1.0.0.202411081344/tools/bin/../lib/gcc/arm-none-eabi/13.3.1/../../../../arm-none-eabi/lib/thumb/v7e-m+fp/hard\libc_nano.a(libc_a-memset.o)
                0x08006054                memset
 .text.strncpy  0x08006064       0x26 C:/ST/STM32CubeIDE_1.19.0/STM32CubeIDE/plugins/com.st.stm32cube.ide.mcu.externaltools.gnu-tools-for-stm32.13.3.rel1.win32_1.0.0.202411081344/tools/bin/../lib/gcc/arm-none-eabi/13.3.1/../../../../arm-none-eabi/lib/thumb/v7e-m+fp/hard\libc_nano.a(libc_a-strncpy.o)
                0x08006064                strncpy
 *fill*         0x0800608a        0x2 
 .text._close_r
                0x0800608c       0x20 C:/ST/STM32CubeIDE_1.19.0/STM32CubeIDE/plugins/com.st.stm32cube.ide.mcu.externaltools.gnu-tools-for-stm32.13.3.rel1.win32_1.0.0.202411081344/tools/bin/../lib/gcc/arm-none-eabi/13.3.1/../../../../arm-none-eabi/lib/thumb/v7e-m+fp/hard\libc_nano.a(libc_a-closer.o)
                0x0800608c                _close_r
 .text._lseek_r
                0x080060ac       0x24 C:/ST/STM32CubeIDE_1.19.0/STM32CubeIDE/plugins/com.st.stm32cube.ide.mcu.externaltools.gnu-tools-for-stm32.13.3.rel1.win32_1.0.0.202411081344/tools/bin/../lib/gcc/arm-none-eabi/13.3.1/../../../../arm-none-eabi/lib/thumb/v7e-m+fp/hard\libc_nano.a(libc_a-lseekr.o)
                0x080060ac                _lseek_r
 .text._read_r  0x080060d0       0x24 C:/ST/STM32CubeIDE_1.19.0/STM32CubeIDE/plugins/com.st.stm32cube.ide.mcu.externaltools.gnu-tools-for-stm32.13.3.rel1.win32_1.0.0.202411081344/tools/bin/../lib/gcc/arm-none-eabi/13.3.1/../../../../arm-none-eabi/lib/thumb/v7e-m+fp/hard\libc_nano.a(libc_a-readr.o)
                0x080060d0                _read_r
 .text._write_r
                0x080060f4       0x24 C:/ST/STM32CubeIDE_1.19.0/STM32CubeIDE/plugins/com.st.stm32cube.ide.mcu.externaltools.gnu-tools-for-stm32.13.3.rel1.win32_1.0.0.202411081344/tools/bin/../lib/gcc/arm-none-eabi/13.3.1/../../../../arm-none-eabi/lib/thumb/v7e-m+fp/hard\libc_nano.a(libc_a-writer.o)
                0x080060f4                _write_r
 .text.__errno  0x08006118        0xc C:/ST/STM32CubeIDE_1.19.0/STM32CubeIDE/plugins/com.st.stm32cube.ide.mcu.externaltools.gnu-tools-for-stm32.13.3.rel1.win32_1.0.0.202411081344/tools/bin/../lib/gcc/arm-none-eabi/13.3.1/../../../../arm-none-eabi/lib/thumb/v7e-m+fp/hard\libc_nano.a(libc_a-errno.o)
                0x08006118                __errno
 .text.__libc_init_array
                0x08006124       0x48 C:/ST/STM32CubeIDE_1.19.0/STM32CubeIDE/plugins/com.st.stm32cube.ide.mcu.externaltools.gnu-tools-for-stm32.13.3.rel1.win32_1.0.0.202411081344/tools/bin/../lib/gcc/arm-none-eabi/13.3.1/../../../../arm-none-eabi/lib/thumb/v7e-m+fp/hard\libc_nano.a(libc_a-init.o)
                0x08006124                __libc_init_array
 .text.__retarget_lock_init_recursive
                0x0800616c        0x2 C:/ST/STM32CubeIDE_1.19.0/STM32CubeIDE/plugins/com.st.stm32cube.ide.mcu.externaltools.gnu-tools-for-stm32.13.3.rel1.win32_1.0.0.202411081344/tools/bin/../lib/gcc/arm-none-eabi/13.3.1/../../../../arm-none-eabi/lib/thumb/v7e-m+fp/hard\libc_nano.a(libc_a-lock.o)
                0x0800616c                __retarget_lock_init_recursive
 .text.__retarget_lock_acquire_recursive
                0x0800616e        0x2 C:/ST/STM32CubeIDE_1.19.0/STM32CubeIDE/plugins/com.st.stm32cube.ide.mcu.externaltools.gnu-tools-for-stm32.13.3.rel1.win32_1.0.0.202411081344/tools/bin/../lib/gcc/arm-none-eabi/13.3.1/../../../../arm-none-eabi/lib/thumb/v7e-m+fp/hard\libc_nano.a(libc_a-lock.o)
                0x0800616e                __retarget_lock_acquire_recursive
 .text.__retarget_lock_release_recursive
                0x08006170        0x2 C:/ST/STM32CubeIDE_1.19.0/STM32CubeIDE/plugins/com.st.stm32cube.ide.mcu.externaltools.gnu-tools-for-stm32.13.3.rel1.win32_1.0.0.202411081344/tools/bin/../lib/gcc/arm-none-eabi/13.3.1/../../../../arm-none-eabi/lib/thumb/v7e-m+fp/hard\libc_nano.a(libc_a-lock.o)
                0x08006170                __retarget_lock_release_recursive
 .text.strcpy   0x08006172       0x10 C:/ST/STM32CubeIDE_1.19.0/STM32CubeIDE/plugins/com.st.stm32cube.ide.mcu.externaltools.gnu-tools-for-stm32.13.3.rel1.win32_1.0.0.202411081344/tools/bin/../lib/gcc/arm-none-eabi/13.3.1/../../../../arm-none-eabi/lib/thumb/v7e-m+fp/hard\libc_nano.a(libc_a-strcpy.o)
                0x08006172                strcpy
 .text.memcpy   0x08006182       0x1c C:/ST/STM32CubeIDE_1.19.0/STM32CubeIDE/plugins/com.st.stm32cube.ide.mcu.externaltools.gnu-tools-for-stm32.13.3.rel1.win32_1.0.0.202411081344/tools/bin/../lib/gcc/arm-none-eabi/13.3.1/../../../../arm-none-eabi/lib/thumb/v7e-m+fp/hard\libc_nano.a(libc_a-memcpy-stub.o)
                0x08006182                memcpy
 *fill*         0x0800619e        0x2 
 .text.__assert_func
                0x080061a0       0x3c C:/ST/STM32CubeIDE_1.19.0/STM32CubeIDE/plugins/com.st.stm32cube.ide.mcu.externaltools.gnu-tools-for-stm32.13.3.rel1.win32_1.0.0.202411081344/tools/bin/../lib/gcc/arm-none-eabi/13.3.1/../../../../arm-none-eabi/lib/thumb/v7e-m+fp/hard\libc_nano.a(libc_a-assert.o)
                0x080061a0                __assert_func
 .text._free_r  0x080061dc       0x94 C:/ST/STM32CubeIDE_1.19.0/STM32CubeIDE/plugins/com.st.stm32cube.ide.mcu.externaltools.gnu-tools-for-stm32.13.3.rel1.win32_1.0.0.202411081344/tools/bin/../lib/gcc/arm-none-eabi/13.3.1/../../../../arm-none-eabi/lib/thumb/v7e-m+fp/hard\libc_nano.a(libc_a-freer.o)
                0x080061dc                _free_r
 .text.malloc   0x08006270       0x10 C:/ST/STM32CubeIDE_1.19.0/STM32CubeIDE/plugins/com.st.stm32cube.ide.mcu.externaltools.gnu-tools-for-stm32.13.3.rel1.win32_1.0.0.202411081344/tools/bin/../lib/gcc/arm-none-eabi/13.3.1/../../../../arm-none-eabi/lib/thumb/v7e-m+fp/hard\libc_nano.a(libc_a-malloc.o)
                0x08006270                malloc
 .text.sbrk_aligned
                0x08006280       0x44 C:/ST/STM32CubeIDE_1.19.0/STM32CubeIDE/plugins/com.st.stm32cube.ide.mcu.externaltools.gnu-tools-for-stm32.13.3.rel1.win32_1.0.0.202411081344/tools/bin/../lib/gcc/arm-none-eabi/13.3.1/../../../../arm-none-eabi/lib/thumb/v7e-m+fp/hard\libc_nano.a(libc_a-mallocr.o)
 .text._malloc_r
                0x080062c4      0x100 C:/ST/STM32CubeIDE_1.19.0/STM32CubeIDE/plugins/com.st.stm32cube.ide.mcu.externaltools.gnu-tools-for-stm32.13.3.rel1.win32_1.0.0.202411081344/tools/bin/../lib/gcc/arm-none-eabi/13.3.1/../../../../arm-none-eabi/lib/thumb/v7e-m+fp/hard\libc_nano.a(libc_a-mallocr.o)
                0x080062c4                _malloc_r
 .text.__malloc_lock
                0x080063c4        0xc C:/ST/STM32CubeIDE_1.19.0/STM32CubeIDE/plugins/com.st.stm32cube.ide.mcu.externaltools.gnu-tools-for-stm32.13.3.rel1.win32_1.0.0.202411081344/tools/bin/../lib/gcc/arm-none-eabi/13.3.1/../../../../arm-none-eabi/lib/thumb/v7e-m+fp/hard\libc_nano.a(libc_a-mlock.o)
                0x080063c4                __malloc_lock
 .text.__malloc_unlock
                0x080063d0        0xc C:/ST/STM32CubeIDE_1.19.0/STM32CubeIDE/plugins/com.st.stm32cube.ide.mcu.externaltools.gnu-tools-for-stm32.13.3.rel1.win32_1.0.0.202411081344/tools/bin/../lib/gcc/arm-none-eabi/13.3.1/../../../../arm-none-eabi/lib/thumb/v7e-m+fp/hard\libc_nano.a(libc_a-mlock.o)
                0x080063d0                __malloc_unlock
 .text.__ssputs_r
                0x080063dc       0xb6 C:/ST/STM32CubeIDE_1.19.0/STM32CubeIDE/plugins/com.st.stm32cube.ide.mcu.externaltools.gnu-tools-for-stm32.13.3.rel1.win32_1.0.0.202411081344/tools/bin/../lib/gcc/arm-none-eabi/13.3.1/../../../../arm-none-eabi/lib/thumb/v7e-m+fp/hard\libc_nano.a(libc_a-nano-svfprintf.o)
                0x080063dc                __ssputs_r
 *fill*         0x08006492        0x2 
 .text._svfprintf_r
                0x08006494      0x1f8 C:/ST/STM32CubeIDE_1.19.0/STM32CubeIDE/plugins/com.st.stm32cube.ide.mcu.externaltools.gnu-tools-for-stm32.13.3.rel1.win32_1.0.0.202411081344/tools/bin/../lib/gcc/arm-none-eabi/13.3.1/../../../../arm-none-eabi/lib/thumb/v7e-m+fp/hard\libc_nano.a(libc_a-nano-svfprintf.o)
                0x08006494                _svfiprintf_r
                0x08006494                _svfprintf_r
 .text.__sfputc_r
                0x0800668c       0x2e C:/ST/STM32CubeIDE_1.19.0/STM32CubeIDE/plugins/com.st.stm32cube.ide.mcu.externaltools.gnu-tools-for-stm32.13.3.rel1.win32_1.0.0.202411081344/tools/bin/../lib/gcc/arm-none-eabi/13.3.1/../../../../arm-none-eabi/lib/thumb/v7e-m+fp/hard\libc_nano.a(libc_a-nano-vfprintf.o)
 .text.__sfputs_r
                0x080066ba       0x24 C:/ST/STM32CubeIDE_1.19.0/STM32CubeIDE/plugins/com.st.stm32cube.ide.mcu.externaltools.gnu-tools-for-stm32.13.3.rel1.win32_1.0.0.202411081344/tools/bin/../lib/gcc/arm-none-eabi/13.3.1/../../../../arm-none-eabi/lib/thumb/v7e-m+fp/hard\libc_nano.a(libc_a-nano-vfprintf.o)
                0x080066ba                __sfputs_r
 *fill*         0x080066de        0x2 
 .text._vfprintf_r
                0x080066e0      0x230 C:/ST/STM32CubeIDE_1.19.0/STM32CubeIDE/plugins/com.st.stm32cube.ide.mcu.externaltools.gnu-tools-for-stm32.13.3.rel1.win32_1.0.0.202411081344/tools/bin/../lib/gcc/arm-none-eabi/13.3.1/../../../../arm-none-eabi/lib/thumb/v7e-m+fp/hard\libc_nano.a(libc_a-nano-vfprintf.o)
                0x080066e0                _vfprintf_r
                0x080066e0                _vfiprintf_r
 .text._printf_common
                0x08006910       0xda C:/ST/STM32CubeIDE_1.19.0/STM32CubeIDE/plugins/com.st.stm32cube.ide.mcu.externaltools.gnu-tools-for-stm32.13.3.rel1.win32_1.0.0.202411081344/tools/bin/../lib/gcc/arm-none-eabi/13.3.1/../../../../arm-none-eabi/lib/thumb/v7e-m+fp/hard\libc_nano.a(libc_a-nano-vfprintf_i.o)
                0x08006910                _printf_common
 *fill*         0x080069ea        0x2 
 .text._printf_i
                0x080069ec      0x23c C:/ST/STM32CubeIDE_1.19.0/STM32CubeIDE/plugins/com.st.stm32cube.ide.mcu.externaltools.gnu-tools-for-stm32.13.3.rel1.win32_1.0.0.202411081344/tools/bin/../lib/gcc/arm-none-eabi/13.3.1/../../../../arm-none-eabi/lib/thumb/v7e-m+fp/hard\libc_nano.a(libc_a-nano-vfprintf_i.o)
                0x080069ec                _printf_i
 .text.__sflush_r
                0x08006c28      0x108 C:/ST/STM32CubeIDE_1.19.0/STM32CubeIDE/plugins/com.st.stm32cube.ide.mcu.externaltools.gnu-tools-for-stm32.13.3.rel1.win32_1.0.0.202411081344/tools/bin/../lib/gcc/arm-none-eabi/13.3.1/../../../../arm-none-eabi/lib/thumb/v7e-m+fp/hard\libc_nano.a(libc_a-fflush.o)
                0x08006c28                __sflush_r
 .text._fflush_r
                0x08006d30       0x50 C:/ST/STM32CubeIDE_1.19.0/STM32CubeIDE/plugins/com.st.stm32cube.ide.mcu.externaltools.gnu-tools-for-stm32.13.3.rel1.win32_1.0.0.202411081344/tools/bin/../lib/gcc/arm-none-eabi/13.3.1/../../../../arm-none-eabi/lib/thumb/v7e-m+fp/hard\libc_nano.a(libc_a-fflush.o)
                0x08006d30                _fflush_r
 .text.fprintf  0x08006d80       0x24 C:/ST/STM32CubeIDE_1.19.0/STM32CubeIDE/plugins/com.st.stm32cube.ide.mcu.externaltools.gnu-tools-for-stm32.13.3.rel1.win32_1.0.0.202411081344/tools/bin/../lib/gcc/arm-none-eabi/13.3.1/../../../../arm-none-eabi/lib/thumb/v7e-m+fp/hard\libc_nano.a(libc_a-fprintf.o)
                0x08006d80                fiprintf
                0x08006d80                fprintf
 .text.__swhatbuf_r
                0x08006da4       0x4c C:/ST/STM32CubeIDE_1.19.0/STM32CubeIDE/plugins/com.st.stm32cube.ide.mcu.externaltools.gnu-tools-for-stm32.13.3.rel1.win32_1.0.0.202411081344/tools/bin/../lib/gcc/arm-none-eabi/13.3.1/../../../../arm-none-eabi/lib/thumb/v7e-m+fp/hard\libc_nano.a(libc_a-makebuf.o)
                0x08006da4                __swhatbuf_r
 .text.__smakebuf_r
                0x08006df0       0x78 C:/ST/STM32CubeIDE_1.19.0/STM32CubeIDE/plugins/com.st.stm32cube.ide.mcu.externaltools.gnu-tools-for-stm32.13.3.rel1.win32_1.0.0.202411081344/tools/bin/../lib/gcc/arm-none-eabi/13.3.1/../../../../arm-none-eabi/lib/thumb/v7e-m+fp/hard\libc_nano.a(libc_a-makebuf.o)
                0x08006df0                __smakebuf_r
 .text.memmove  0x08006e68       0x34 C:/ST/STM32CubeIDE_1.19.0/STM32CubeIDE/plugins/com.st.stm32cube.ide.mcu.externaltools.gnu-tools-for-stm32.13.3.rel1.win32_1.0.0.202411081344/tools/bin/../lib/gcc/arm-none-eabi/13.3.1/../../../../arm-none-eabi/lib/thumb/v7e-m+fp/hard\libc_nano.a(libc_a-memmove.o)
                0x08006e68                memmove
 .text._fstat_r
                0x08006e9c       0x24 C:/ST/STM32CubeIDE_1.19.0/STM32CubeIDE/plugins/com.st.stm32cube.ide.mcu.externaltools.gnu-tools-for-stm32.13.3.rel1.win32_1.0.0.202411081344/tools/bin/../lib/gcc/arm-none-eabi/13.3.1/../../../../arm-none-eabi/lib/thumb/v7e-m+fp/hard\libc_nano.a(libc_a-fstatr.o)
                0x08006e9c                _fstat_r
 .text._isatty_r
                0x08006ec0       0x20 C:/ST/STM32CubeIDE_1.19.0/STM32CubeIDE/plugins/com.st.stm32cube.ide.mcu.externaltools.gnu-tools-for-stm32.13.3.rel1.win32_1.0.0.202411081344/tools/bin/../lib/gcc/arm-none-eabi/13.3.1/../../../../arm-none-eabi/lib/thumb/v7e-m+fp/hard\libc_nano.a(libc_a-isattyr.o)
                0x08006ec0                _isatty_r
 .text._sbrk_r  0x08006ee0       0x20 C:/ST/STM32CubeIDE_1.19.0/STM32CubeIDE/plugins/com.st.stm32cube.ide.mcu.externaltools.gnu-tools-for-stm32.13.3.rel1.win32_1.0.0.202411081344/tools/bin/../lib/gcc/arm-none-eabi/13.3.1/../../../../arm-none-eabi/lib/thumb/v7e-m+fp/hard\libc_nano.a(libc_a-sbrkr.o)
                0x08006ee0                _sbrk_r
 .text.abort    0x08006f00        0xe C:/ST/STM32CubeIDE_1.19.0/STM32CubeIDE/plugins/com.st.stm32cube.ide.mcu.externaltools.gnu-tools-for-stm32.13.3.rel1.win32_1.0.0.202411081344/tools/bin/../lib/gcc/arm-none-eabi/13.3.1/../../../../arm-none-eabi/lib/thumb/v7e-m+fp/hard\libc_nano.a(libc_a-abort.o)
                0x08006f00                abort
 .text._realloc_r
                0x08006f0e       0x5c C:/ST/STM32CubeIDE_1.19.0/STM32CubeIDE/plugins/com.st.stm32cube.ide.mcu.externaltools.gnu-tools-for-stm32.13.3.rel1.win32_1.0.0.202411081344/tools/bin/../lib/gcc/arm-none-eabi/13.3.1/../../../../arm-none-eabi/lib/thumb/v7e-m+fp/hard\libc_nano.a(libc_a-reallocr.o)
                0x08006f0e                _realloc_r
 .text._raise_r
                0x08006f6a       0x50 C:/ST/STM32CubeIDE_1.19.0/STM32CubeIDE/plugins/com.st.stm32cube.ide.mcu.externaltools.gnu-tools-for-stm32.13.3.rel1.win32_1.0.0.202411081344/tools/bin/../lib/gcc/arm-none-eabi/13.3.1/../../../../arm-none-eabi/lib/thumb/v7e-m+fp/hard\libc_nano.a(libc_a-signal.o)
                0x08006f6a                _raise_r
 *fill*         0x08006fba        0x2 
 .text.raise    0x08006fbc       0x10 C:/ST/STM32CubeIDE_1.19.0/STM32CubeIDE/plugins/com.st.stm32cube.ide.mcu.externaltools.gnu-tools-for-stm32.13.3.rel1.win32_1.0.0.202411081344/tools/bin/../lib/gcc/arm-none-eabi/13.3.1/../../../../arm-none-eabi/lib/thumb/v7e-m+fp/hard\libc_nano.a(libc_a-signal.o)
                0x08006fbc                raise
 .text._kill_r  0x08006fcc       0x24 C:/ST/STM32CubeIDE_1.19.0/STM32CubeIDE/plugins/com.st.stm32cube.ide.mcu.externaltools.gnu-tools-for-stm32.13.3.rel1.win32_1.0.0.202411081344/tools/bin/../lib/gcc/arm-none-eabi/13.3.1/../../../../arm-none-eabi/lib/thumb/v7e-m+fp/hard\libc_nano.a(libc_a-signalr.o)
                0x08006fcc                _kill_r
 .text._getpid_r
                0x08006ff0        0x4 C:/ST/STM32CubeIDE_1.19.0/STM32CubeIDE/plugins/com.st.stm32cube.ide.mcu.externaltools.gnu-tools-for-stm32.13.3.rel1.win32_1.0.0.202411081344/tools/bin/../lib/gcc/arm-none-eabi/13.3.1/../../../../arm-none-eabi/lib/thumb/v7e-m+fp/hard\libc_nano.a(libc_a-signalr.o)
                0x08006ff0                _getpid_r
 .text._malloc_usable_size_r
                0x08006ff4       0x10 C:/ST/STM32CubeIDE_1.19.0/STM32CubeIDE/plugins/com.st.stm32cube.ide.mcu.externaltools.gnu-tools-for-stm32.13.3.rel1.win32_1.0.0.202411081344/tools/bin/../lib/gcc/arm-none-eabi/13.3.1/../../../../arm-none-eabi/lib/thumb/v7e-m+fp/hard\libc_nano.a(libc_a-msizer.o)
                0x08006ff4                _malloc_usable_size_r
 .text.sqrtf    0x08007004       0x3c C:/ST/STM32CubeIDE_1.19.0/STM32CubeIDE/plugins/com.st.stm32cube.ide.mcu.externaltools.gnu-tools-for-stm32.13.3.rel1.win32_1.0.0.202411081344/tools/bin/../lib/gcc/arm-none-eabi/13.3.1/../../../../arm-none-eabi/lib/thumb/v7e-m+fp/hard\libm.a(libm_a-wf_sqrt.o)
                0x08007004                sqrtf
 .text.__ieee754_sqrtf
                0x08007040        0x6 C:/ST/STM32CubeIDE_1.19.0/STM32CubeIDE/plugins/com.st.stm32cube.ide.mcu.externaltools.gnu-tools-for-stm32.13.3.rel1.win32_1.0.0.202411081344/tools/bin/../lib/gcc/arm-none-eabi/13.3.1/../../../../arm-none-eabi/lib/thumb/v7e-m+fp/hard\libm.a(libm_a-ef_sqrt.o)
                0x08007040                __ieee754_sqrtf
 *fill*         0x08007046        0x2 
 .text.roundf   0x08007048       0x48 C:/ST/STM32CubeIDE_1.19.0/STM32CubeIDE/plugins/com.st.stm32cube.ide.mcu.externaltools.gnu-tools-for-stm32.13.3.rel1.win32_1.0.0.202411081344/tools/bin/../lib/gcc/arm-none-eabi/13.3.1/../../../../arm-none-eabi/lib/thumb/v7e-m+fp/hard\libm.a(libm_a-sf_round.o)
                0x08007048                roundf
 *(.glue_7)
 .glue_7        0x08007090        0x0 linker stubs
 *(.glue_7t)
 .glue_7t       0x08007090        0x0 linker stubs
 *(.eh_frame)
 .eh_frame      0x08007090        0x0 C:/ST/STM32CubeIDE_1.19.0/STM32CubeIDE/plugins/com.st.stm32cube.ide.mcu.externaltools.gnu-tools-for-stm32.13.3.rel1.win32_1.0.0.202411081344/tools/bin/../lib/gcc/arm-none-eabi/13.3.1/thumb/v7e-m+fp/hard/crtbegin.o
 *(.init)
 .init          0x08007090        0x4 C:/ST/STM32CubeIDE_1.19.0/STM32CubeIDE/plugins/com.st.stm32cube.ide.mcu.externaltools.gnu-tools-for-stm32.13.3.rel1.win32_1.0.0.202411081344/tools/bin/../lib/gcc/arm-none-eabi/13.3.1/thumb/v7e-m+fp/hard/crti.o
                0x08007090                _init
 .init          0x08007094        0x8 C:/ST/STM32CubeIDE_1.19.0/STM32CubeIDE/plugins/com.st.stm32cube.ide.mcu.externaltools.gnu-tools-for-stm32.13.3.rel1.win32_1.0.0.202411081344/tools/bin/../lib/gcc/arm-none-eabi/13.3.1/thumb/v7e-m+fp/hard/crtn.o
 *(.fini)
 .fini          0x0800709c        0x4 C:/ST/STM32CubeIDE_1.19.0/STM32CubeIDE/plugins/com.st.stm32cube.ide.mcu.externaltools.gnu-tools-for-stm32.13.3.rel1.win32_1.0.0.202411081344/tools/bin/../lib/gcc/arm-none-eabi/13.3.1/thumb/v7e-m+fp/hard/crti.o
                0x0800709c                _fini
 .fini          0x080070a0        0x8 C:/ST/STM32CubeIDE_1.19.0/STM32CubeIDE/plugins/com.st.stm32cube.ide.mcu.externaltools.gnu-tools-for-stm32.13.3.rel1.win32_1.0.0.202411081344/tools/bin/../lib/gcc/arm-none-eabi/13.3.1/thumb/v7e-m+fp/hard/crtn.o
                0x080070a8                        . = ALIGN (0x4)
                0x080070a8                        _etext = .

.vfp11_veneer   0x080070a8        0x0
 .vfp11_veneer  0x080070a8        0x0 linker stubs

.v4_bx          0x080070a8        0x0
 .v4_bx         0x080070a8        0x0 linker stubs

.iplt           0x080070a8        0x0
 .iplt          0x080070a8        0x0 C:/ST/STM32CubeIDE_1.19.0/STM32CubeIDE/plugins/com.st.stm32cube.ide.mcu.externaltools.gnu-tools-for-stm32.13.3.rel1.win32_1.0.0.202411081344/tools/bin/../lib/gcc/arm-none-eabi/13.3.1/thumb/v7e-m+fp/hard/crtbegin.o

.rodata         0x080070a8     0x3b9c
                0x080070a8                        . = ALIGN (0x4)
 *(.rodata)
 *(.rodata*)
 .rodata.notes.5
                0x080070a8        0xd ./Core/Src/buzzer.o
 .rodata.str1.1
                0x080070b5      0xb72 ./Core/Src/buzzer.o
                                 0xba (size before relaxing)
 *fill*         0x08007c27        0x1 
 .rodata.buzzer_chromatic_a3_a6
                0x08007c28      0x128 ./Core/Src/buzzer.o
 .rodata.Font16x26
                0x08007d50     0x134c ./Core/Src/fonts.o
                0x08007d50                Font16x26
 .rodata.Font11x18
                0x0800909c      0xd5c ./Core/Src/fonts.o
                0x0800909c                Font11x18
 .rodata.Font7x10
                0x08009df8      0x76c ./Core/Src/fonts.o
                0x08009df8                Font7x10
 .rodata.g_button_map
                0x0800a564        0x5 ./Core/Src/grove_5way.o
 .rodata.OLED_RenderLines.str1.1
                0x0800a569        0x1 ./Core/Src/main.o
 .rodata.Arrow_RenderSequence.str1.1
                0x0800a569       0x11 ./Core/Src/main.o
 .rodata.OLED_UpdateGameplayDisplay.str1.1
                0x0800a569       0x7e ./Core/Src/main.o
 .rodata.GameOver_Trigger.str1.1
                0x0800a569       0x95 ./Core/Src/main.o
 .rodata.Arrow_UpdateMatrix.str1.1
                0x0800a569        0xb ./Core/Src/main.o
 .rodata.Arrow_StartGame.str1.1
                0x0800a569       0x29 ./Core/Src/main.o
 .rodata.CalibrateGyroscope.str1.1
                0x0800a569      0x101 ./Core/Src/main.o
 .rodata.NFC_Init.str1.1
                0x0800a569       0x45 ./Core/Src/main.o
 .rodata.main.str1.1
                0x0800a569      0x559 ./Core/Src/main.o
 .rodata.CSWTCH.191
                0x0800a569        0x3 ./Core/Src/main.o
 *fill*         0x0800a56c        0x4 
 .rodata.digit_src.0
                0x0800a570       0x50 ./Core/Src/main.o
 .rodata.ARROW_SYMBOLS
                0x0800a5c0        0x4 ./Core/Src/main.o
 .rodata.gameoveranimation
                0x0800a5c4      0x400 ./Core/Src/main.o
                0x0800a5c4                gameoveranimation
 *fill*         0x0800a9c4        0x4 
 .rodata.HT16K33_IMAGES_GAMEOVER
                0x0800a9c8       0x68 ./Core/Src/main.o
 .rodata.HT16K33_IMAGES_INTRO
                0x0800aa30       0x28 ./Core/Src/main.o
 .rodata.menu_render_selected.str1.1
                0x0800aa58       0x4f ./Core/Src/menu_system.o
 .rodata.menu_render_adjust.constprop.0.str1.1
                0x0800aa58       0x33 ./Core/Src/menu_system.o
 .rodata.Menu_Open.str1.1
                0x0800aa58       0x50 ./Core/Src/menu_system.o
 .rodata.Menu_Close.str1.1
                0x0800aa58       0x39 ./Core/Src/menu_system.o
 .rodata.Menu_Process.str1.1
                0x0800aa58       0x8f ./Core/Src/menu_system.o
 .rodata.str1.1
                0x0800aa58       0x77 ./Core/Src/menu_system.o
 .rodata.params
                0x0800aa58      0x134 ./Core/Src/menu_system.o
 .rodata.MSIRangeTable
                0x0800ab8c       0x30 ./Core/Src/system_stm32l4xx.o
                0x0800ab8c                MSIRangeTable
 .rodata.APBPrescTable
                0x0800abbc        0x8 ./Core/Src/system_stm32l4xx.o
                0x0800abbc                APBPrescTable
 .rodata.CSWTCH.15
                0x0800abc4       0x34 ./Drivers/BSP/Components/lsm6dsl/lsm6dsl.o
 .rodata.CSWTCH.13
                0x0800abf8       0x34 ./Drivers/BSP/Components/lsm6dsl/lsm6dsl.o
 .rodata.UARTPrescTable
                0x0800ac2c       0x18 ./Drivers/STM32L4xx_HAL_Driver/Src/stm32l4xx_hal_uart.o
                0x0800ac2c                UARTPrescTable
 .rodata.srand.str1.1
                0x0800ac44       0x6f C:/ST/STM32CubeIDE_1.19.0/STM32CubeIDE/plugins/com.st.stm32cube.ide.mcu.externaltools.gnu-tools-for-stm32.13.3.rel1.win32_1.0.0.202411081344/tools/bin/../lib/gcc/arm-none-eabi/13.3.1/../../../../arm-none-eabi/lib/thumb/v7e-m+fp/hard\libc_nano.a(libc_a-rand.o)
 .rodata.__assert_func.str1.1
                0x0800ac44       0x3d C:/ST/STM32CubeIDE_1.19.0/STM32CubeIDE/plugins/com.st.stm32cube.ide.mcu.externaltools.gnu-tools-for-stm32.13.3.rel1.win32_1.0.0.202411081344/tools/bin/../lib/gcc/arm-none-eabi/13.3.1/../../../../arm-none-eabi/lib/thumb/v7e-m+fp/hard\libc_nano.a(libc_a-assert.o)
 .rodata._svfprintf_r.str1.1
                0x0800ac44       0x11 C:/ST/STM32CubeIDE_1.19.0/STM32CubeIDE/plugins/com.st.stm32cube.ide.mcu.externaltools.gnu-tools-for-stm32.13.3.rel1.win32_1.0.0.202411081344/tools/bin/../lib/gcc/arm-none-eabi/13.3.1/../../../../arm-none-eabi/lib/thumb/v7e-m+fp/hard\libc_nano.a(libc_a-nano-svfprintf.o)
 .rodata._vfprintf_r.str1.1
                0x0800ac44       0x11 C:/ST/STM32CubeIDE_1.19.0/STM32CubeIDE/plugins/com.st.stm32cube.ide.mcu.externaltools.gnu-tools-for-stm32.13.3.rel1.win32_1.0.0.202411081344/tools/bin/../lib/gcc/arm-none-eabi/13.3.1/../../../../arm-none-eabi/lib/thumb/v7e-m+fp/hard\libc_nano.a(libc_a-nano-vfprintf.o)
 .rodata._printf_i.str1.1
                0x0800ac44       0x22 C:/ST/STM32CubeIDE_1.19.0/STM32CubeIDE/plugins/com.st.stm32cube.ide.mcu.externaltools.gnu-tools-for-stm32.13.3.rel1.win32_1.0.0.202411081344/tools/bin/../lib/gcc/arm-none-eabi/13.3.1/../../../../arm-none-eabi/lib/thumb/v7e-m+fp/hard\libc_nano.a(libc_a-nano-vfprintf_i.o)
                0x0800acb4                        . = ALIGN (0x4)

.ARM.extab      0x0800ac44        0x0
                0x0800ac44                        . = ALIGN (0x4)
 *(.ARM.extab* .gnu.linkonce.armextab.*)
                0x0800ac44                        . = ALIGN (0x4)

.ARM            0x0800ac44        0x8
                0x0800ac44                        . = ALIGN (0x4)
                0x0800ac44                        __exidx_start = .
 *(.ARM.exidx*)
 .ARM.exidx     0x0800ac44        0x8 C:/ST/STM32CubeIDE_1.19.0/STM32CubeIDE/plugins/com.st.stm32cube.ide.mcu.externaltools.gnu-tools-for-stm32.13.3.rel1.win32_1.0.0.202411081344/tools/bin/../lib/gcc/arm-none-eabi/13.3.1/../../../../arm-none-eabi/lib/thumb/v7e-m+fp/hard\libc_nano.a(libc_a-strcmp.o)
 .ARM.exidx     0x0800ac4c        0x0 C:/ST/STM32CubeIDE_1.19.0/STM32CubeIDE/plugins/com.st.stm32cube.ide.mcu.externaltools.gnu-tools-for-stm32.13.3.rel1.win32_1.0.0.202411081344/tools/bin/../lib/gcc/arm-none-eabi/13.3.1/../../../../arm-none-eabi/lib/thumb/v7e-m+fp/hard\libc_nano.a(libc_a-strlen.o)
                                  0x8 (size before relaxing)
 .ARM.exidx     0x0800ac4c        0x0 C:/ST/STM32CubeIDE_1.19.0/STM32CubeIDE/plugins/com.st.stm32cube.ide.mcu.externaltools.gnu-tools-for-stm32.13.3.rel1.win32_1.0.0.202411081344/tools/bin/../lib/gcc/arm-none-eabi/13.3.1/../../../../arm-none-eabi/lib/thumb/v7e-m+fp/hard\libc_nano.a(libc_a-memchr.o)
                                  0x8 (size before relaxing)
 .ARM.exidx     0x0800ac4c        0x0 C:/ST/STM32CubeIDE_1.19.0/STM32CubeIDE/plugins/com.st.stm32cube.ide.mcu.externaltools.gnu-tools-for-stm32.13.3.rel1.win32_1.0.0.202411081344/tools/bin/../lib/gcc/arm-none-eabi/13.3.1/thumb/v7e-m+fp/hard\libgcc.a(_udivmoddi4.o)
                                  0x8 (size before relaxing)
                0x0800ac4c                        __exidx_end = .
                0x0800ac4c                        . = ALIGN (0x4)

.rel.dyn        0x0800ac4c        0x0
 .rel.iplt      0x0800ac4c        0x0 C:/ST/STM32CubeIDE_1.19.0/STM32CubeIDE/plugins/com.st.stm32cube.ide.mcu.externaltools.gnu-tools-for-stm32.13.3.rel1.win32_1.0.0.202411081344/tools/bin/../lib/gcc/arm-none-eabi/13.3.1/thumb/v7e-m+fp/hard/crtbegin.o

.preinit_array  0x0800ac4c        0x0
                0x0800ac4c                        . = ALIGN (0x4)
                0x0800ac4c                        PROVIDE (__preinit_array_start = .)
 *(.preinit_array*)
                0x0800ac4c                        PROVIDE (__preinit_array_end = .)
                0x0800ac4c                        . = ALIGN (0x4)

.init_array     0x0800ac4c        0x4
                0x0800ac4c                        . = ALIGN (0x4)
                0x0800ac4c                        PROVIDE (__init_array_start = .)
 *(SORT_BY_NAME(.init_array.*))
 *(.init_array*)
 .init_array    0x0800ac4c        0x4 C:/ST/STM32CubeIDE_1.19.0/STM32CubeIDE/plugins/com.st.stm32cube.ide.mcu.externaltools.gnu-tools-for-stm32.13.3.rel1.win32_1.0.0.202411081344/tools/bin/../lib/gcc/arm-none-eabi/13.3.1/thumb/v7e-m+fp/hard/crtbegin.o
                0x0800ac50                        PROVIDE (__init_array_end = .)
                0x0800ac50                        . = ALIGN (0x4)

.fini_array     0x0800ac50        0x4
                0x0800ac50                        . = ALIGN (0x4)
                [!provide]                        PROVIDE (__fini_array_start = .)
 *(SORT_BY_NAME(.fini_array.*))
 *(.fini_array*)
 .fini_array    0x0800ac50        0x4 C:/ST/STM32CubeIDE_1.19.0/STM32CubeIDE/plugins/com.st.stm32cube.ide.mcu.externaltools.gnu-tools-for-stm32.13.3.rel1.win32_1.0.0.202411081344/tools/bin/../lib/gcc/arm-none-eabi/13.3.1/thumb/v7e-m+fp/hard/crtbegin.o
                [!provide]                        PROVIDE (__fini_array_end = .)
                0x0800ac54                        . = ALIGN (0x4)
                0x0800ac54                        _sidata = LOADADDR (.data)

.data           0x20000000      0x1d8 load address 0x0800ac54
                0x20000000                        . = ALIGN (0x4)
                0x20000000                        _sdata = .
 *(.data)
 *(.data*)
 .data.tune.0   0x20000000       0x24 ./Core/Src/buzzer.o
 .data.tune.2   0x20000024       0x24 ./Core/Src/buzzer.o
 .data.Font_16x26
                0x20000048        0x8 ./Core/Src/fonts.o
                0x20000048                Font_16x26
 .data.Font_11x18
                0x20000050        0x8 ./Core/Src/fonts.o
                0x20000050                Font_11x18
 .data.Font_7x10
                0x20000058        0x8 ./Core/Src/fonts.o
                0x20000058                Font_7x10
 .data.g_arrow_last_remaining
                0x20000060        0x1 ./Core/Src/main.o
 .data.g_catch_blink_level
                0x20000061        0x1 ./Core/Src/main.o
 .data.g_role   0x20000062        0x1 ./Core/Src/main.o
 *fill*         0x20000063        0x1 
 .data.g_arrow_time_setting_ms
                0x20000064        0x4 ./Core/Src/main.o
                0x20000064                g_arrow_time_setting_ms
 .data.g_arrow_length_setting
                0x20000068        0x1 ./Core/Src/main.o
                0x20000068                g_arrow_length_setting
 *fill*         0x20000069        0x3 
 .data.MAG_THRESH
                0x2000006c        0xc ./Core/Src/main.o
                0x2000006c                MAG_THRESH
 .data.PRESS_THRESH_HPA
                0x20000078        0x4 ./Core/Src/main.o
                0x20000078                PRESS_THRESH_HPA
 .data.HUMID_THRESH_PCT
                0x2000007c        0x4 ./Core/Src/main.o
                0x2000007c                HUMID_THRESH_PCT
 .data.TEMP_THRESH_C
                0x20000080        0x4 ./Core/Src/main.o
                0x20000080                TEMP_THRESH_C
 .data.GYRO_THRESHOLD_DPS
                0x20000084        0x4 ./Core/Src/main.o
                0x20000084                GYRO_THRESHOLD_DPS
 .data.ACCEL_THRESHOLD_MS2
                0x20000088        0x4 ./Core/Src/main.o
                0x20000088                ACCEL_THRESHOLD_MS2
 .data.SystemCoreClock
                0x2000008c        0x4 ./Core/Src/system_stm32l4xx.o
                0x2000008c                SystemCoreClock
 .data.GPIO_PORT
                0x20000090        0x4 ./Drivers/BSP/B-L4S5I-IOT01/stm32l4s5i_iot01.o
                0x20000090                GPIO_PORT
 .data.HTS221_T_Drv
                0x20000094       0x10 ./Drivers/BSP/Components/hts221/hts221.o
                0x20000094                HTS221_T_Drv
 .data.HTS221_H_Drv
                0x200000a4        0xc ./Drivers/BSP/Components/hts221/hts221.o
                0x200000a4                HTS221_H_Drv
 .data.Lis3mdlMagDrv
                0x200000b0       0x34 ./Drivers/BSP/Components/lis3mdl/lis3mdl.o
                0x200000b0                Lis3mdlMagDrv
 .data.LPS22HB_P_Drv
                0x200000e4        0xc ./Drivers/BSP/Components/lps22hb/lps22hb.o
                0x200000e4                LPS22HB_P_Drv
 .data.Lsm6dslGyroDrv
                0x200000f0       0x34 ./Drivers/BSP/Components/lsm6dsl/lsm6dsl.o
                0x200000f0                Lsm6dslGyroDrv
 .data.Lsm6dslAccDrv
                0x20000124       0x34 ./Drivers/BSP/Components/lsm6dsl/lsm6dsl.o
                0x20000124                Lsm6dslAccDrv
 .data.St25Dv_Drv
                0x20000158       0x1c ./Drivers/BSP/Components/st25dv/st25dv.o
                0x20000158                St25Dv_Drv
 .data.uwTickFreq
                0x20000174        0x1 ./Drivers/STM32L4xx_HAL_Driver/Src/stm32l4xx_hal.o
                0x20000174                uwTickFreq
 *fill*         0x20000175        0x3 
 .data.uwTickPrio
                0x20000178        0x4 ./Drivers/STM32L4xx_HAL_Driver/Src/stm32l4xx_hal.o
                0x20000178                uwTickPrio
 .data.__sglue  0x2000017c        0xc C:/ST/STM32CubeIDE_1.19.0/STM32CubeIDE/plugins/com.st.stm32cube.ide.mcu.externaltools.gnu-tools-for-stm32.13.3.rel1.win32_1.0.0.202411081344/tools/bin/../lib/gcc/arm-none-eabi/13.3.1/../../../../arm-none-eabi/lib/thumb/v7e-m+fp/hard\libc_nano.a(libc_a-findfp.o)
                0x2000017c                __sglue
 .data._impure_ptr
                0x20000188        0x4 C:/ST/STM32CubeIDE_1.19.0/STM32CubeIDE/plugins/com.st.stm32cube.ide.mcu.externaltools.gnu-tools-for-stm32.13.3.rel1.win32_1.0.0.202411081344/tools/bin/../lib/gcc/arm-none-eabi/13.3.1/../../../../arm-none-eabi/lib/thumb/v7e-m+fp/hard\libc_nano.a(libc_a-impure.o)
                0x20000188                _impure_ptr
 .data._impure_data
                0x2000018c       0x4c C:/ST/STM32CubeIDE_1.19.0/STM32CubeIDE/plugins/com.st.stm32cube.ide.mcu.externaltools.gnu-tools-for-stm32.13.3.rel1.win32_1.0.0.202411081344/tools/bin/../lib/gcc/arm-none-eabi/13.3.1/../../../../arm-none-eabi/lib/thumb/v7e-m+fp/hard\libc_nano.a(libc_a-impure.o)
                0x2000018c                _impure_data
 *(.RamFunc)
 *(.RamFunc*)
                0x200001d8                        . = ALIGN (0x4)
                0x200001d8                        _edata = .

.igot.plt       0x200001d8        0x0 load address 0x0800ae2c
 .igot.plt      0x200001d8        0x0 C:/ST/STM32CubeIDE_1.19.0/STM32CubeIDE/plugins/com.st.stm32cube.ide.mcu.externaltools.gnu-tools-for-stm32.13.3.rel1.win32_1.0.0.202411081344/tools/bin/../lib/gcc/arm-none-eabi/13.3.1/thumb/v7e-m+fp/hard/crtbegin.o
                0x200001d8                        . = ALIGN (0x4)

.bss            0x200001d8      0x9d0 load address 0x0800ae2c
                0x200001d8                        _sbss = .
                0x200001d8                        __bss_start__ = _sbss
 *(.bss)
 .bss           0x200001d8       0x1c C:/ST/STM32CubeIDE_1.19.0/STM32CubeIDE/plugins/com.st.stm32cube.ide.mcu.externaltools.gnu-tools-for-stm32.13.3.rel1.win32_1.0.0.202411081344/tools/bin/../lib/gcc/arm-none-eabi/13.3.1/thumb/v7e-m+fp/hard/crtbegin.o
 *(.bss*)
 .bss.initialized.1
                0x200001f4        0x1 ./Core/Src/buzzer.o
 .bss.initialized.3
                0x200001f5        0x1 ./Core/Src/buzzer.o
 *fill*         0x200001f6        0x2 
 .bss.pattern.4