../Core/Src/buzzer.c:184:13:Buzzer_Stop	8	static
../Core/Src/buzzer.c:194:13:Buzzer_PlayToneInternal	24	static
../Core/Src/buzzer.c:227:13:Buzzer_SequenceAdvance.isra	0	static
../Core/Src/buzzer.c:245:13:Buzzer_SequenceStart.part.0	16	static
../Core/Src/buzzer.c:43:6:Buzzer_Init	56	static
../Core/Src/buzzer.c:66:6:Buzzer_PlayToneAsync	0	static
../Core/Src/buzzer.c:73:6:Buzzer_PlayNoteAsync	0	static
../Core/Src/buzzer.c:81:6:Buzzer_Service	16	static
../Core/Src/buzzer.c:104:6:Buzzer_TestPattern	16	static
../Core/Src/buzzer.c:137:6:Buzzer_IRQHandler	0	static
../Core/Src/buzzer.c:142:6:HAL_TIM_PeriodElapsedCallback	0	static
../Core/Src/buzzer.c:264:6:Buzzer_PlayFailureTune	0	static
../Core/Src/buzzer.c:283:6:Buzzer_PlaySuccessTune	0	static
