../Core/Src/ht16k33.c:40:19:HT16K33_SetBrightness	24	static
../Core/Src/ht16k33.c:47:19:HT16K33_SetBlinkRate	24	static
../Core/Src/ht16k33.c:55:19:HT16K33_Update	40	static
../Core/Src/ht16k33.c:66:6:HT16K33_Clear	0	static
../Core/Src/ht16k33.c:20:19:HT16K33_Init	32	static
../Core/Src/ht16k33.c:74:6:HT16K33_SetRow	0	static
../Core/Src/ht16k33.c:82:6:HT16K33_DrawBitmap64	24	static
../Core/Src/ht16k33.c:92:19:HT16K33_DisplayBitmap64	8	static
../Core/Src/ht16k33.c:99:19:HT16K33_PlayFrames	48	static
