../Core/Src/main.c:823:13:Arrow_InitDigits	2
../Core/Src/main.c:154:13:led_set_blink.part.0	1
../Core/Src/main.c:154:13:led_set_blink	6
../Core/Src/main.c:864:13:Arrow_Stop	2
../Core/Src/main.c:878:13:Arrow_RenderSequence	8
../Core/Src/main.c:42:6:printu	2
../Core/Src/main.c:280:13:GameOver_Trigger	10
../Core/Src/main.c:1008:13:Arrow_Fail	2
../Core/Src/main.c:974:13:Arrow_UpdateMatrix	9
../Core/Src/main.c:938:13:Arrow_StartGame	3
../Core/Src/main.c:190:6:HAL_GPIO_EXTI_Callback	3
../Core/Src/main.c:387:6:CalibrateGyroscope	2
../Core/Src/main.c:418:6:MX_I2C1_Init	4
../Core/Src/main.c:485:6:NFC_Init	2
../Core/Src/main.c:492:6:NFC_BlinkIfCard	3
../Core/Src/main.c:508:5:main	109
../Core/Src/main.c:1147:6:Error_Handler	1
../Core/Src/main.c:1154:6:Menu_RenderStatus	5
