../Core/Src/main.c:823:13:Arrow_InitDigits	8	static
../Core/Src/main.c:154:13:led_set_blink.part.0	0	static
../Core/Src/main.c:154:13:led_set_blink	16	static
../Core/Src/main.c:864:13:Arrow_Stop	8	static
../Core/Src/main.c:878:13:Arrow_RenderSequence	64	static
../Core/Src/main.c:42:6:printu	272	static
../Core/Src/main.c:280:13:GameOver_Trigger	24	static
../Core/Src/main.c:1008:13:Arrow_Fail	8	static
../Core/Src/main.c:974:13:Arrow_UpdateMatrix	32	static
../Core/Src/main.c:938:13:Arrow_StartGame	24	static
../Core/Src/main.c:190:6:HAL_GPIO_EXTI_Callback	8	static
../Core/Src/main.c:387:6:CalibrateGyroscope	64	static
../Core/Src/main.c:418:6:MX_I2C1_Init	8	static,ignoring_inline_asm
../Core/Src/main.c:485:6:NFC_Init	8	static
../Core/Src/main.c:492:6:NFC_BlinkIfCard	16	static
../Core/Src/main.c:508:5:main	208	static
../Core/Src/main.c:1147:6:Error_Handler	0	static,ignoring_inline_asm
../Core/Src/main.c:1154:6:Menu_RenderStatus	48	static
