../Core/Src/main.c:1236:13:OLED_ResetStatus	1
../Core/Src/main.c:1246:13:OLED_RenderLines	9
../Core/Src/main.c:856:13:Arrow_InitDigits	2
../Core/Src/main.c:170:13:led_set_blink.part.0	1
../Core/Src/main.c:170:13:led_set_blink	6
../Core/Src/main.c:897:13:Arrow_Stop	2
../Core/Src/main.c:911:13:Arrow_RenderSequence	8
../Core/Src/main.c:1328:13:OLED_UpdateGameplayDisplay	12
../Core/Src/main.c:1306:13:OLED_SetTemporaryMessage.constprop	2
../Core/Src/main.c:42:6:printu	2
../Core/Src/main.c:298:13:GameOver_Trigger	10
../Core/Src/main.c:1042:13:Arrow_Fail	2
../Core/Src/main.c:1008:13:Arrow_UpdateMatrix	9
../Core/Src/main.c:971:13:Arrow_StartGame	3
../Core/Src/main.c:206:6:HAL_GPIO_EXTI_Callback	3
../Core/Src/main.c:405:6:CalibrateGyroscope	2
../Core/Src/main.c:436:6:MX_I2C1_Init	4
../Core/Src/main.c:503:6:NFC_Init	2
../Core/Src/main.c:510:6:NFC_BlinkIfCard	3
../Core/Src/main.c:526:5:main	103
../Core/Src/main.c:1183:6:Error_Handler	1
../Core/Src/main.c:1190:6:Menu_RenderStatus	5
