../Core/Src/main.c:1226:13:OLED_ResetStatus	0	static
../Core/Src/main.c:1236:13:OLED_RenderLines	80	static
../Core/Src/main.c:846:13:Arrow_InitDigits	8	static
../Core/Src/main.c:170:13:led_set_blink.part.0	0	static
../Core/Src/main.c:170:13:led_set_blink	16	static
../Core/Src/main.c:887:13:Arrow_Stop	8	static
../Core/Src/main.c:901:13:Arrow_RenderSequence	64	static
../Core/Src/main.c:1318:13:OLED_UpdateGameplayDisplay	48	static
../Core/Src/main.c:1296:13:OLED_SetTemporaryMessage.constprop	16	static
../Core/Src/main.c:42:6:printu	272	static
../Core/Src/main.c:298:13:GameOver_Trigger	24	static
../Core/Src/main.c:1032:13:Arrow_Fail	8	static
../Core/Src/main.c:998:13:Arrow_UpdateMatrix	32	static
../Core/Src/main.c:961:13:Arrow_StartGame	24	static
../Core/Src/main.c:206:6:HAL_GPIO_EXTI_Callback	8	static
../Core/Src/main.c:405:6:CalibrateGyroscope	64	static
../Core/Src/main.c:436:6:MX_I2C1_Init	8	static,ignoring_inline_asm
../Core/Src/main.c:503:6:NFC_Init	8	static
../Core/Src/main.c:510:6:NFC_BlinkIfCard	16	static
../Core/Src/main.c:526:5:main	216	static
../Core/Src/main.c:1173:6:Error_Handler	0	static,ignoring_inline_asm
../Core/Src/main.c:1180:6:Menu_RenderStatus	48	static
