../Core/Src/main.c:1421:13:OLED_ResetStatus	0	static
../Core/Src/main.c:1431:13:OLED_RenderLines	80	static
../Core/Src/main.c:1041:13:Arrow_InitDigits	8	static
../Core/Src/main.c:176:13:led_set_blink.part.0	0	static
../Core/Src/main.c:176:13:led_set_blink	16	static
../Core/Src/main.c:1082:13:Arrow_Stop	8	static
../Core/Src/main.c:1096:13:Arrow_RenderSequence	64	static
../Core/Src/main.c:1513:13:OLED_UpdateGameplayDisplay	48	static
../Core/Src/main.c:1491:13:OLED_SetTemporaryMessage.constprop	16	static
../Core/Src/main.c:43:6:printu	272	static
../Core/Src/main.c:351:13:GameOver_Trigger	32	static
../Core/Src/main.c:1227:13:Arrow_Fail	8	static
../Core/Src/main.c:1193:13:Arrow_UpdateMatrix	32	static
../Core/Src/main.c:1156:13:Arrow_StartGame	24	static
../Core/Src/main.c:424:13:GameReset_Execute	8	static
../Core/Src/main.c:477:13:GameReset_Force.constprop	16	static
../Core/Src/main.c:459:16:GameReset_Attempt.isra	8	static
../Core/Src/main.c:259:6:HAL_GPIO_EXTI_Callback	8	static
../Core/Src/main.c:536:6:CalibrateGyroscope	64	static
../Core/Src/main.c:573:6:MX_I2C1_Init	8	static,ignoring_inline_asm
../Core/Src/main.c:640:6:NFC_Init	8	static
../Core/Src/main.c:647:6:NFC_BlinkIfCard	16	static
../Core/Src/main.c:663:5:main	232	static
../Core/Src/main.c:1368:6:Error_Handler	0	static,ignoring_inline_asm
../Core/Src/main.c:1375:6:Menu_RenderStatus	48	static
