../Core/Src/menu_system.c:172:19:get_next_param	20	static
../Core/Src/menu_system.c:113:14:get_param_value	0	static
../Core/Src/menu_system.c:188:13:menu_render_selected	80	static
../Core/Src/menu_system.c:212:13:menu_render_adjust.constprop	96	static
../Core/Src/menu_system.c:87:6:Menu_Init	0	static
../Core/Src/menu_system.c:98:6:Menu_SetGame	8	static
../Core/Src/menu_system.c:362:14:Menu_GetState	0	static
../Core/Src/menu_system.c:367:6:Menu_Open	8	static
../Core/Src/menu_system.c:383:6:Menu_Close	8	static
../Core/Src/menu_system.c:243:6:Menu_Process	120	static
../Core/Src/menu_system.c:399:6:Menu_GetDisplayString	32	static
