../Core/Src/ssd1306.c:100:6:SSD1306_ToggleInvert	0	static
../Core/Src/ssd1306.c:107:6:SSD1306_Fill	0	static
../Core/Src/ssd1306.c:111:6:SSD1306_DrawPixel	12	static
../Core/Src/ssd1306.c:125:6:SSD1306_GotoXY	0	static
../Core/Src/ssd1306.c:130:6:SSD1306_Putc	56	static
../Core/Src/ssd1306.c:151:6:SSD1306_Puts	16	static
../Core/Src/ssd1306.c:161:6:SSD1306_DrawLine	56	static
../Core/Src/ssd1306.c:177:6:SSD1306_DrawRectangle	32	static
../Core/Src/ssd1306.c:184:6:SSD1306_DrawFilledRectangle	40	static
../Core/Src/ssd1306.c:190:6:SSD1306_DrawTriangle	40	static
../Core/Src/ssd1306.c:197:6:SSD1306_DrawCircle	56	static
../Core/Src/ssd1306.c:230:6:SSD1306_DrawFilledCircle	64	static
../Core/Src/ssd1306.c:260:6:ssd1306_I2C_Init	0	static
../Core/Src/ssd1306.c:264:6:ssd1306_I2C_Write	24	static
../Core/Src/ssd1306.c:271:6:ssd1306_I2C_WriteMulti	280	static
../Core/Src/ssd1306.c:91:6:SSD1306_UpdateScreen	16	static
../Core/Src/ssd1306.c:26:9:SSD1306_Init	8	static,ignoring_inline_asm
../Core/Src/ssd1306.c:280:6:SSD1306_DrawBitmap	64	static
../Core/Src/ssd1306.c:299:6:SSD1306_ScrollRight	16	static
../Core/Src/ssd1306.c:310:6:SSD1306_ScrollLeft	16	static
../Core/Src/ssd1306.c:321:6:SSD1306_Scrolldiagright	16	static
../Core/Src/ssd1306.c:334:6:SSD1306_Scrolldiagleft	16	static
../Core/Src/ssd1306.c:347:6:SSD1306_Stopscroll	0	static
../Core/Src/ssd1306.c:351:6:SSD1306_InvertDisplay	0	static
../Core/Src/ssd1306.c:356:6:SSD1306_Clear	8	static
