../Core/Src/ssd1306.c:150:6:SSD1306_ToggleInvert	0	static
../Core/Src/ssd1306.c:162:6:SSD1306_Fill	0	static
../Core/Src/ssd1306.c:167:6:SSD1306_DrawPixel	12	static
../Core/Src/ssd1306.c:189:6:SSD1306_GotoXY	0	static
../Core/Src/ssd1306.c:195:6:SSD1306_Putc	56	static
../Core/Src/ssd1306.c:226:6:SSD1306_Puts	16	static
../Core/Src/ssd1306.c:244:6:SSD1306_DrawLine	56	static
../Core/Src/ssd1306.c:328:6:SSD1306_DrawRectangle	32	static
../Core/Src/ssd1306.c:353:6:SSD1306_DrawFilledRectangle	40	static
../Core/Src/ssd1306.c:380:6:SSD1306_DrawTriangle	40	static
../Core/Src/ssd1306.c:388:6:SSD1306_DrawFilledTriangle	80	static
../Core/Src/ssd1306.c:444:6:SSD1306_DrawCircle	56	static
../Core/Src/ssd1306.c:478:6:SSD1306_DrawFilledCircle	64	static
../Core/Src/ssd1306.c:584:6:SSD1306_DrawBitmap	64	static
../Core/Src/ssd1306.c:633:6:ssd1306_I2C_Init	0	static
../Core/Src/ssd1306.c:645:6:ssd1306_I2C_WriteMulti	280	static
../Core/Src/ssd1306.c:655:6:ssd1306_I2C_Write	24	static
../Core/Src/ssd1306.c:137:6:SSD1306_UpdateScreen	16	static
../Core/Src/ssd1306.c:607:6:SSD1306_Clear	8	static
../Core/Src/ssd1306.c:51:9:SSD1306_Init	8	static
../Core/Src/ssd1306.c:510:6:SSD1306_ScrollRight	16	static
../Core/Src/ssd1306.c:523:6:SSD1306_ScrollLeft	16	static
../Core/Src/ssd1306.c:536:6:SSD1306_Scrolldiagright	16	static
../Core/Src/ssd1306.c:552:6:SSD1306_Scrolldiagleft	16	static
../Core/Src/ssd1306.c:568:6:SSD1306_Stopscroll	0	static
../Core/Src/ssd1306.c:575:6:SSD1306_InvertDisplay	0	static
../Core/Src/ssd1306.c:612:6:SSD1306_ON	8	static
../Core/Src/ssd1306.c:617:6:SSD1306_OFF	8	static
