../Core/Src/wifi.c:50:15:WIFI_Init	16	static
../Core/Src/wifi.c:76:15:WIFI_ListAccessPoints	496	static
../Core/Src/wifi.c:111:15:WIFI_Connect	8	static
../Core/Src/wifi.c:133:15:WIFI_GetMAC_Address	8	static
../Core/Src/wifi.c:148:15:WIFI_GetIP_Address	16	static
../Core/Src/wifi.c:165:15:WIFI_Disconnect	8	static
../Core/Src/wifi.c:186:15:WIFI_ConfigureAP	88	static
../Core/Src/wifi.c:209:15:WIFI_HandleAPEvents	16	static
../Core/Src/wifi.c:246:15:WIFI_Ping	8	static
../Core/Src/wifi.c:263:15:WIFI_GetHostAddress	8	static
../Core/Src/wifi.c:283:15:WIFI_OpenClientConnection	24	static
../Core/Src/wifi.c:312:15:WIFI_CloseClientConnection	24	static
../Core/Src/wifi.c:332:15:WIFI_StartServer	24	static
../Core/Src/wifi.c:350:15:WIFI_StopServer	8	static
../Core/Src/wifi.c:366:15:WIFI_SendData	16	static
../Core/Src/wifi.c:380:15:WIFI_SendDataTo	24	static
../Core/Src/wifi.c:398:15:WIFI_ReceiveData	16	static
../Core/Src/wifi.c:410:15:WIFI_ReceiveDataFrom	24	static
../Core/Src/wifi.c:427:15:WIFI_SetOEMProperties	8	static
../Core/Src/wifi.c:445:15:WIFI_ResetModule	8	static
../Core/Src/wifi.c:460:15:WIFI_SetModuleDefault	8	static
../Core/Src/wifi.c:477:15:WIFI_ModuleFirmwareUpdate	0	static
../Core/Src/wifi.c:487:15:WIFI_GetModuleFwRevision	8	static
../Core/Src/wifi.c:504:15:WIFI_GetModuleID	8	static
../Core/Src/wifi.c:521:15:WIFI_GetModuleName	8	static
