../Drivers/BSP/B-L4S5I-IOT01/stm32l4s5i_iot01_nfctag.c:65:9:BSP_NFCTAG_Init	48	static
../Drivers/BSP/B-L4S5I-IOT01/stm32l4s5i_iot01_nfctag.c:105:6:BSP_NFCTAG_DeInit	16	static
../Drivers/BSP/B-L4S5I-IOT01/stm32l4s5i_iot01_nfctag.c:121:9:BSP_NFCTAG_isInitialized	16	static
../Drivers/BSP/B-L4S5I-IOT01/stm32l4s5i_iot01_nfctag.c:132:9:BSP_NFCTAG_ReadID	16	static
../Drivers/BSP/B-L4S5I-IOT01/stm32l4s5i_iot01_nfctag.c:148:9:BSP_NFCTAG_IsDeviceReady	16	static
../Drivers/BSP/B-L4S5I-IOT01/stm32l4s5i_iot01_nfctag.c:166:9:BSP_NFCTAG_ConfigIT	16	static
../Drivers/BSP/B-L4S5I-IOT01/stm32l4s5i_iot01_nfctag.c:183:9:BSP_NFCTAG_GetITStatus	16	static
../Drivers/BSP/B-L4S5I-IOT01/stm32l4s5i_iot01_nfctag.c:201:9:BSP_NFCTAG_ReadData	32	static
../Drivers/BSP/B-L4S5I-IOT01/stm32l4s5i_iot01_nfctag.c:219:9:BSP_NFCTAG_WriteData	32	static
../Drivers/BSP/B-L4S5I-IOT01/stm32l4s5i_iot01_nfctag.c:237:9:BSP_NFCTAG_ReadRegister	24	static
../Drivers/BSP/B-L4S5I-IOT01/stm32l4s5i_iot01_nfctag.c:251:9:BSP_NFCTAG_WriteRegister	32	static
../Drivers/BSP/B-L4S5I-IOT01/stm32l4s5i_iot01_nfctag.c:270:10:BSP_NFCTAG_GetByteSize	24	static
../Drivers/BSP/B-L4S5I-IOT01/stm32l4s5i_iot01_nfctag.c:284:9:BSP_NFCTAG_ReadICRev	16	static
../Drivers/BSP/B-L4S5I-IOT01/stm32l4s5i_iot01_nfctag.c:296:9:BSP_NFCTAG_ReadITPulse	16	static
../Drivers/BSP/B-L4S5I-IOT01/stm32l4s5i_iot01_nfctag.c:308:9:BSP_NFCTAG_WriteITPulse	16	static
../Drivers/BSP/B-L4S5I-IOT01/stm32l4s5i_iot01_nfctag.c:319:9:BSP_NFCTAG_ReadUID	16	static
../Drivers/BSP/B-L4S5I-IOT01/stm32l4s5i_iot01_nfctag.c:330:9:BSP_NFCTAG_ReadDSFID	16	static
../Drivers/BSP/B-L4S5I-IOT01/stm32l4s5i_iot01_nfctag.c:341:9:BSP_NFCTAG_ReadDsfidRFProtection	16	static
../Drivers/BSP/B-L4S5I-IOT01/stm32l4s5i_iot01_nfctag.c:352:9:BSP_NFCTAG_ReadAFI	16	static
../Drivers/BSP/B-L4S5I-IOT01/stm32l4s5i_iot01_nfctag.c:363:9:BSP_NFCTAG_ReadAfiRFProtection	16	static
../Drivers/BSP/B-L4S5I-IOT01/stm32l4s5i_iot01_nfctag.c:374:9:BSP_NFCTAG_ReadI2CProtectZone	16	static
../Drivers/BSP/B-L4S5I-IOT01/stm32l4s5i_iot01_nfctag.c:387:9:BSP_NFCTAG_WriteI2CProtectZonex	16	static
../Drivers/BSP/B-L4S5I-IOT01/stm32l4s5i_iot01_nfctag.c:398:9:BSP_NFCTAG_ReadLockCCFile	16	static
../Drivers/BSP/B-L4S5I-IOT01/stm32l4s5i_iot01_nfctag.c:411:9:BSP_NFCTAG_WriteLockCCFile	16	static
../Drivers/BSP/B-L4S5I-IOT01/stm32l4s5i_iot01_nfctag.c:422:9:BSP_NFCTAG_ReadLockCFG	16	static
../Drivers/BSP/B-L4S5I-IOT01/stm32l4s5i_iot01_nfctag.c:434:9:BSP_NFCTAG_WriteLockCFG	16	static
../Drivers/BSP/B-L4S5I-IOT01/stm32l4s5i_iot01_nfctag.c:445:9:BSP_NFCTAG_PresentI2CPassword	24	static
../Drivers/BSP/B-L4S5I-IOT01/stm32l4s5i_iot01_nfctag.c:457:9:BSP_NFCTAG_WriteI2CPassword	24	static
../Drivers/BSP/B-L4S5I-IOT01/stm32l4s5i_iot01_nfctag.c:469:9:BSP_NFCTAG_ReadRFZxSS	24	static
../Drivers/BSP/B-L4S5I-IOT01/stm32l4s5i_iot01_nfctag.c:482:9:BSP_NFCTAG_WriteRFZxSS	24	static
../Drivers/BSP/B-L4S5I-IOT01/stm32l4s5i_iot01_nfctag.c:494:9:BSP_NFCTAG_ReadEndZonex	24	static
../Drivers/BSP/B-L4S5I-IOT01/stm32l4s5i_iot01_nfctag.c:509:9:BSP_NFCTAG_WriteEndZonex	16	static
../Drivers/BSP/B-L4S5I-IOT01/stm32l4s5i_iot01_nfctag.c:522:9:BSP_NFCTAG_InitEndZone	16	static
../Drivers/BSP/B-L4S5I-IOT01/stm32l4s5i_iot01_nfctag.c:537:9:BSP_NFCTAG_CreateUserZone	32	static
../Drivers/BSP/B-L4S5I-IOT01/stm32l4s5i_iot01_nfctag.c:548:9:BSP_NFCTAG_ReadMemSize	16	static
../Drivers/BSP/B-L4S5I-IOT01/stm32l4s5i_iot01_nfctag.c:559:9:BSP_NFCTAG_ReadEHMode	16	static
../Drivers/BSP/B-L4S5I-IOT01/stm32l4s5i_iot01_nfctag.c:571:9:BSP_NFCTAG_WriteEHMode	16	static
../Drivers/BSP/B-L4S5I-IOT01/stm32l4s5i_iot01_nfctag.c:582:9:BSP_NFCTAG_ReadRFMngt	16	static
../Drivers/BSP/B-L4S5I-IOT01/stm32l4s5i_iot01_nfctag.c:594:9:BSP_NFCTAG_WriteRFMngt	16	static
../Drivers/BSP/B-L4S5I-IOT01/stm32l4s5i_iot01_nfctag.c:605:9:BSP_NFCTAG_GetRFDisable	16	static
../Drivers/BSP/B-L4S5I-IOT01/stm32l4s5i_iot01_nfctag.c:616:9:BSP_NFCTAG_SetRFDisable	16	static
../Drivers/BSP/B-L4S5I-IOT01/stm32l4s5i_iot01_nfctag.c:627:9:BSP_NFCTAG_ResetRFDisable	16	static
../Drivers/BSP/B-L4S5I-IOT01/stm32l4s5i_iot01_nfctag.c:638:9:BSP_NFCTAG_GetRFSleep	16	static
../Drivers/BSP/B-L4S5I-IOT01/stm32l4s5i_iot01_nfctag.c:649:9:BSP_NFCTAG_SetRFSleep	16	static
../Drivers/BSP/B-L4S5I-IOT01/stm32l4s5i_iot01_nfctag.c:660:9:BSP_NFCTAG_ResetRFSleep	16	static
../Drivers/BSP/B-L4S5I-IOT01/stm32l4s5i_iot01_nfctag.c:671:9:BSP_NFCTAG_ReadMBMode	16	static
../Drivers/BSP/B-L4S5I-IOT01/stm32l4s5i_iot01_nfctag.c:683:9:BSP_NFCTAG_WriteMBMode	16	static
../Drivers/BSP/B-L4S5I-IOT01/stm32l4s5i_iot01_nfctag.c:694:9:BSP_NFCTAG_ReadMBWDG	16	static
../Drivers/BSP/B-L4S5I-IOT01/stm32l4s5i_iot01_nfctag.c:706:9:BSP_NFCTAG_WriteMBWDG	16	static
../Drivers/BSP/B-L4S5I-IOT01/stm32l4s5i_iot01_nfctag.c:719:9:BSP_NFCTAG_ReadMailboxData	24	static
../Drivers/BSP/B-L4S5I-IOT01/stm32l4s5i_iot01_nfctag.c:731:9:BSP_NFCTAG_WriteMailboxData	24	static
../Drivers/BSP/B-L4S5I-IOT01/stm32l4s5i_iot01_nfctag.c:744:9:BSP_NFCTAG_ReadMailboxRegister	24	static
../Drivers/BSP/B-L4S5I-IOT01/stm32l4s5i_iot01_nfctag.c:757:9:BSP_NFCTAG_WriteMailboxRegister	24	static
../Drivers/BSP/B-L4S5I-IOT01/stm32l4s5i_iot01_nfctag.c:768:9:BSP_NFCTAG_ReadI2CSecuritySession_Dyn	16	static
../Drivers/BSP/B-L4S5I-IOT01/stm32l4s5i_iot01_nfctag.c:788:9:BSP_NFCTAG_ReadITSTStatus_Dyn	16	static
../Drivers/BSP/B-L4S5I-IOT01/stm32l4s5i_iot01_nfctag.c:799:9:BSP_NFCTAG_ReadGPO_Dyn	16	static
../Drivers/BSP/B-L4S5I-IOT01/stm32l4s5i_iot01_nfctag.c:810:9:BSP_NFCTAG_GetGPO_en_Dyn	16	static
../Drivers/BSP/B-L4S5I-IOT01/stm32l4s5i_iot01_nfctag.c:821:9:BSP_NFCTAG_SetGPO_en_Dyn	16	static
../Drivers/BSP/B-L4S5I-IOT01/stm32l4s5i_iot01_nfctag.c:832:9:BSP_NFCTAG_ResetGPO_en_Dyn	16	static
../Drivers/BSP/B-L4S5I-IOT01/stm32l4s5i_iot01_nfctag.c:843:9:BSP_NFCTAG_ReadEHCtrl_Dyn	16	static
../Drivers/BSP/B-L4S5I-IOT01/stm32l4s5i_iot01_nfctag.c:854:9:BSP_NFCTAG_GetEHENMode_Dyn	16	static
../Drivers/BSP/B-L4S5I-IOT01/stm32l4s5i_iot01_nfctag.c:864:9:BSP_NFCTAG_SetEHENMode_Dyn	16	static
../Drivers/BSP/B-L4S5I-IOT01/stm32l4s5i_iot01_nfctag.c:874:9:BSP_NFCTAG_ResetEHENMode_Dyn	16	static
../Drivers/BSP/B-L4S5I-IOT01/stm32l4s5i_iot01_nfctag.c:885:9:BSP_NFCTAG_GetEHON_Dyn	16	static
../Drivers/BSP/B-L4S5I-IOT01/stm32l4s5i_iot01_nfctag.c:896:9:BSP_NFCTAG_GetRFField_Dyn	16	static
../Drivers/BSP/B-L4S5I-IOT01/stm32l4s5i_iot01_nfctag.c:907:9:BSP_NFCTAG_GetVCC_Dyn	16	static
../Drivers/BSP/B-L4S5I-IOT01/stm32l4s5i_iot01_nfctag.c:918:9:BSP_NFCTAG_ReadRFMngt_Dyn	16	static
../Drivers/BSP/B-L4S5I-IOT01/stm32l4s5i_iot01_nfctag.c:929:9:BSP_NFCTAG_WriteRFMngt_Dyn	16	static
../Drivers/BSP/B-L4S5I-IOT01/stm32l4s5i_iot01_nfctag.c:940:9:BSP_NFCTAG_GetRFDisable_Dyn	16	static
../Drivers/BSP/B-L4S5I-IOT01/stm32l4s5i_iot01_nfctag.c:950:9:BSP_NFCTAG_SetRFDisable_Dyn	16	static
../Drivers/BSP/B-L4S5I-IOT01/stm32l4s5i_iot01_nfctag.c:960:9:BSP_NFCTAG_ResetRFDisable_Dyn	16	static
../Drivers/BSP/B-L4S5I-IOT01/stm32l4s5i_iot01_nfctag.c:971:9:BSP_NFCTAG_GetRFSleep_Dyn	16	static
../Drivers/BSP/B-L4S5I-IOT01/stm32l4s5i_iot01_nfctag.c:981:9:BSP_NFCTAG_SetRFSleep_Dyn	16	static
../Drivers/BSP/B-L4S5I-IOT01/stm32l4s5i_iot01_nfctag.c:991:9:BSP_NFCTAG_ResetRFSleep_Dyn	16	static
../Drivers/BSP/B-L4S5I-IOT01/stm32l4s5i_iot01_nfctag.c:1002:9:BSP_NFCTAG_ReadMBCtrl_Dyn	16	static
../Drivers/BSP/B-L4S5I-IOT01/stm32l4s5i_iot01_nfctag.c:1012:9:BSP_NFCTAG_GetMBEN_Dyn	16	static
../Drivers/BSP/B-L4S5I-IOT01/stm32l4s5i_iot01_nfctag.c:1022:9:BSP_NFCTAG_SetMBEN_Dyn	16	static
../Drivers/BSP/B-L4S5I-IOT01/stm32l4s5i_iot01_nfctag.c:1032:9:BSP_NFCTAG_ResetMBEN_Dyn	16	static
../Drivers/BSP/B-L4S5I-IOT01/stm32l4s5i_iot01_nfctag.c:1043:9:BSP_NFCTAG_ReadMBLength_Dyn	16	static
