../Drivers/BSP/Components/es_wifi/es_wifi.c:132:16:ParseNumber	20	static
../Drivers/BSP/Components/es_wifi/es_wifi.c:182:14:ParseIP	32	static
../Drivers/BSP/Components/es_wifi/es_wifi.c:589:25:AT_ExecuteCommand	16	static
../Drivers/BSP/Components/es_wifi/es_wifi.c:634:25:AT_RequestSendData	32	static
../Drivers/BSP/Components/es_wifi/es_wifi.c:162:13:ParseMAC	16	static
../Drivers/BSP/Components/es_wifi/es_wifi.c:697:25:AT_RequestReceiveData.isra	24	static
../Drivers/BSP/Components/es_wifi/es_wifi.c:750:19:ES_WIFI_Init	32	static
../Drivers/BSP/Components/es_wifi/es_wifi.c:780:19:ES_WIFI_GetProductID	8	static
../Drivers/BSP/Components/es_wifi/es_wifi.c:792:19:ES_WIFI_GetFWRevID	8	static
../Drivers/BSP/Components/es_wifi/es_wifi.c:804:19:ES_WIFI_GetProductName	8	static
../Drivers/BSP/Components/es_wifi/es_wifi.c:816:19:ES_WIFI_GetAPIRev	8	static
../Drivers/BSP/Components/es_wifi/es_wifi.c:828:19:ES_WIFI_GetStackRev	8	static
../Drivers/BSP/Components/es_wifi/es_wifi.c:840:19:ES_WIFI_GetRTOSRev	8	static
../Drivers/BSP/Components/es_wifi/es_wifi.c:852:19:ES_WIFI_RegisterBusIO	12	static
../Drivers/BSP/Components/es_wifi/es_wifi.c:878:19:ES_WIFI_SetTimeout	0	static
../Drivers/BSP/Components/es_wifi/es_wifi.c:890:19:ES_WIFI_ListAccessPoints	32	static
../Drivers/BSP/Components/es_wifi/es_wifi.c:912:18:ES_WIFI_Connect	24	static
../Drivers/BSP/Components/es_wifi/es_wifi.c:951:9:ES_WIFI_IsConnected	8	static
../Drivers/BSP/Components/es_wifi/es_wifi.c:970:18:ES_WIFI_Disconnect	8	static
../Drivers/BSP/Components/es_wifi/es_wifi.c:985:18:ES_WIFI_GetNetworkSettings	24	static
../Drivers/BSP/Components/es_wifi/es_wifi.c:1010:18:ES_WIFI_ActivateAP	16	static
../Drivers/BSP/Components/es_wifi/es_wifi.c:1064:19:ES_WIFI_WaitAPStateChange	24	static
../Drivers/BSP/Components/es_wifi/es_wifi.c:1132:18:ES_WIFI_GetMACAddress	16	static
../Drivers/BSP/Components/es_wifi/es_wifi.c:1155:18:ES_WIFI_GetIPAddress	0	static
../Drivers/BSP/Components/es_wifi/es_wifi.c:1167:18:ES_WIFI_SetMACAddress	32	static
../Drivers/BSP/Components/es_wifi/es_wifi.c:1188:18:ES_WIFI_ResetToFactoryDefault	8	static
../Drivers/BSP/Components/es_wifi/es_wifi.c:1203:18:ES_WIFI_ResetModule	16	static
../Drivers/BSP/Components/es_wifi/es_wifi.c:1227:18:ES_WIFI_HardResetModule	8	static
../Drivers/BSP/Components/es_wifi/es_wifi.c:1242:18:ES_WIFI_SetProductName	16	static
../Drivers/BSP/Components/es_wifi/es_wifi.c:1283:18:ES_WIFI_SetUARTBaudRate	16	static
../Drivers/BSP/Components/es_wifi/es_wifi.c:1305:18:ES_WIFI_GetUARTConfig	24	static
../Drivers/BSP/Components/es_wifi/es_wifi.c:1327:18:ES_WIFI_GetSystemConfig	24	static
../Drivers/BSP/Components/es_wifi/es_wifi.c:1349:18:ES_WIFI_Ping	32	static
../Drivers/BSP/Components/es_wifi/es_wifi.c:1387:18:ES_WIFI_DNS_LookUp	16	static
../Drivers/BSP/Components/es_wifi/es_wifi.c:1412:18:ES_WIFI_StartClientConnection	24	static
../Drivers/BSP/Components/es_wifi/es_wifi.c:1460:18:ES_WIFI_StopClientConnection	16	static
../Drivers/BSP/Components/es_wifi/es_wifi.c:1548:18:ES_WIFI_StartServerSingleConn	24	static
../Drivers/BSP/Components/es_wifi/es_wifi.c:1639:18:ES_WIFI_StopServerSingleConn	8	static
../Drivers/BSP/Components/es_wifi/es_wifi.c:1656:18:ES_WIFI_StartServerMultiConn	24	static
../Drivers/BSP/Components/es_wifi/es_wifi.c:1753:18:ES_WIFI_StopServerMultiConn	16	static
../Drivers/BSP/Components/es_wifi/es_wifi.c:1813:18:ES_WIFI_SendData	40	static
../Drivers/BSP/Components/es_wifi/es_wifi.c:1863:19:ES_WIFI_SendDataTo	40	static
../Drivers/BSP/Components/es_wifi/es_wifi.c:1949:18:ES_WIFI_ReceiveData	32	static
../Drivers/BSP/Components/es_wifi/es_wifi.c:1998:19:ES_WIFI_ReceiveDataFrom	56	static
