../Drivers/BSP/B-L4S5I-IOT01/es_wifi_io.c:431:6:SPI_WIFI_DelayUs	0	static
../Drivers/BSP/B-L4S5I-IOT01/es_wifi_io.c:74:6:SPI_WIFI_MspInit	64	static
../Drivers/BSP/B-L4S5I-IOT01/es_wifi_io.c:190:8:SPI_WIFI_ResetModule	32	static
../Drivers/BSP/B-L4S5I-IOT01/es_wifi_io.c:146:8:SPI_WIFI_Init	16	static
../Drivers/BSP/B-L4S5I-IOT01/es_wifi_io.c:226:8:SPI_WIFI_DeInit	8	static
../Drivers/BSP/B-L4S5I-IOT01/es_wifi_io.c:313:9:SPI_WIFI_ReceiveData	32	static
../Drivers/BSP/B-L4S5I-IOT01/es_wifi_io.c:372:9:SPI_WIFI_SendData	32	static
../Drivers/BSP/B-L4S5I-IOT01/es_wifi_io.c:421:6:SPI_WIFI_Delay	0	static
../Drivers/BSP/B-L4S5I-IOT01/es_wifi_io.c:462:6:HAL_SPI_RxCpltCallback	0	static
../Drivers/BSP/B-L4S5I-IOT01/es_wifi_io.c:477:6:HAL_SPI_TxCpltCallback	0	static
../Drivers/BSP/B-L4S5I-IOT01/es_wifi_io.c:492:9:SPI_WIFI_ISR	0	static
