../Drivers/BSP/B-L4S5I-IOT01/stm32l4s5i_iot01.c:394:13:I2Cx_MspDeInit.constprop	8	static
../Drivers/BSP/B-L4S5I-IOT01/stm32l4s5i_iot01.c:413:13:I2Cx_Init.constprop	56	static
../Drivers/BSP/B-L4S5I-IOT01/stm32l4s5i_iot01.c:129:10:BSP_GetVersion	0	static
../Drivers/BSP/B-L4S5I-IOT01/stm32l4s5i_iot01.c:140:6:BSP_LED_Init	32	static
../Drivers/BSP/B-L4S5I-IOT01/stm32l4s5i_iot01.c:160:6:BSP_LED_DeInit	16	static
../Drivers/BSP/B-L4S5I-IOT01/stm32l4s5i_iot01.c:178:6:BSP_LED_On	0	static
../Drivers/BSP/B-L4S5I-IOT01/stm32l4s5i_iot01.c:189:6:BSP_LED_Off	0	static
../Drivers/BSP/B-L4S5I-IOT01/stm32l4s5i_iot01.c:200:6:BSP_LED_Toggle	0	static
../Drivers/BSP/B-L4S5I-IOT01/stm32l4s5i_iot01.c:216:6:BSP_PB_Init	32	static
../Drivers/BSP/B-L4S5I-IOT01/stm32l4s5i_iot01.c:257:6:BSP_PB_DeInit	8	static
../Drivers/BSP/B-L4S5I-IOT01/stm32l4s5i_iot01.c:274:10:BSP_PB_GetState	8	static
../Drivers/BSP/B-L4S5I-IOT01/stm32l4s5i_iot01.c:287:6:BSP_COM_Init	56	static
../Drivers/BSP/B-L4S5I-IOT01/stm32l4s5i_iot01.c:325:6:BSP_COM_DeInit	8	static
../Drivers/BSP/B-L4S5I-IOT01/stm32l4s5i_iot01.c:536:6:SENSOR_IO_Init	0	static
../Drivers/BSP/B-L4S5I-IOT01/stm32l4s5i_iot01.c:545:6:SENSOR_IO_DeInit	8	static
../Drivers/BSP/B-L4S5I-IOT01/stm32l4s5i_iot01.c:557:6:SENSOR_IO_Write	32	static
../Drivers/BSP/B-L4S5I-IOT01/stm32l4s5i_iot01.c:568:9:SENSOR_IO_Read	32	static
../Drivers/BSP/B-L4S5I-IOT01/stm32l4s5i_iot01.c:586:10:SENSOR_IO_ReadMultiple	24	static
../Drivers/BSP/B-L4S5I-IOT01/stm32l4s5i_iot01.c:600:6:SENSOR_IO_WriteMultiple	24	static
../Drivers/BSP/B-L4S5I-IOT01/stm32l4s5i_iot01.c:612:19:SENSOR_IO_IsDeviceReady	0	static
../Drivers/BSP/B-L4S5I-IOT01/stm32l4s5i_iot01.c:622:6:SENSOR_IO_Delay	0	static
../Drivers/BSP/B-L4S5I-IOT01/stm32l4s5i_iot01.c:626:9:BSP_I2C_AddressSweep	32	static
../Drivers/BSP/B-L4S5I-IOT01/stm32l4s5i_iot01.c:649:10:NFC_IO_Init	40	static
../Drivers/BSP/B-L4S5I-IOT01/stm32l4s5i_iot01.c:693:10:NFC_IO_DeInit	8	static
../Drivers/BSP/B-L4S5I-IOT01/stm32l4s5i_iot01.c:705:10:NFC_IO_IsDeviceReady	24	static
../Drivers/BSP/B-L4S5I-IOT01/stm32l4s5i_iot01.c:739:9:NFC_IO_WriteReg16	24	static
../Drivers/BSP/B-L4S5I-IOT01/stm32l4s5i_iot01.c:772:10:NFC_IO_ReadReg16	24	static
../Drivers/BSP/B-L4S5I-IOT01/stm32l4s5i_iot01.c:802:10:NFC_IO_Tick	0	static
