../Core/Src/main.c:35:13:printu	272	static
../Core/Src/main.c:97:13:led_set_blink	16	static
../Core/Src/main.c:108:13:led_blink_process	16	static
../Core/Src/main.c:124:6:HAL_GPIO_EXTI_Callback	24	static
../Core/Src/main.c:132:13:process_clicks	24	static
../Core/Src/main.c:186:6:MX_I2C1_Init	8	static
../Core/Src/main.c:202:13:I2C_Scan	24	static
../Core/Src/main.c:213:13:MX_GPIO_Init	32	static
../Core/Src/main.c:225:13:UART1_Init	40	static
../Core/Src/main.c:250:6:NFC_Init	8	static
../Core/Src/main.c:257:6:NFC_BlinkIfCard	16	static
../Core/Src/main.c:273:5:main	200	static
../Core/Src/main.c:453:6:Error_Handler	4	static,ignoring_inline_asm
