../Core/Src/main.c:38:6:printu	272	static
../Core/Src/main.c:98:13:led_set_blink	16	static
../Core/Src/main.c:118:13:led_blink_process	16	static
../Core/Src/main.c:134:6:HAL_GPIO_EXTI_Callback	24	static
../Core/Src/main.c:142:13:process_clicks	24	static
../Core/Src/main.c:215:6:MX_I2C1_Init	8	static
../Core/Src/main.c:231:13:I2C_Scan	24	static
../Core/Src/main.c:242:13:MX_GPIO_Init	32	static
../Core/Src/main.c:254:13:UART1_Init	40	static
../Core/Src/main.c:279:6:NFC_Init	8	static
../Core/Src/main.c:286:6:NFC_BlinkIfCard	16	static
../Core/Src/main.c:302:5:main	216	static
../Core/Src/main.c:563:13:NFC_PrintDetected	32	static
../Core/Src/main.c:608:6:Error_Handler	4	static,ignoring_inline_asm
