../Core/Src/main.c:42:6:printu	272	static
../Core/Src/main.c:122:13:led_set_blink	16	static
../Core/Src/main.c:142:13:led_blink_process	16	static
../Core/Src/main.c:158:6:HAL_GPIO_EXTI_Callback	24	static
../Core/Src/main.c:166:13:process_clicks	24	static
../Core/Src/main.c:247:13:GameOver_Trigger	24	static
../Core/Src/main.c:312:16:GameReset_Attempt	24	static
../Core/Src/main.c:353:6:CalibrateGyroscope	72	static
../Core/Src/main.c:384:6:MX_I2C1_Init	8	static
../Core/Src/main.c:400:13:I2C_Scan	24	static
../Core/Src/main.c:412:13:MX_GPIO_Init	32	static
../Core/Src/main.c:426:13:UART1_Init	40	static
../Core/Src/main.c:451:6:NFC_Init	8	static
../Core/Src/main.c:458:6:NFC_BlinkIfCard	16	static
../Core/Src/main.c:474:5:main	272	static
../Core/Src/main.c:754:13:NFC_PrintDetected	32	static
../Core/Src/main.c:812:6:Error_Handler	4	static,ignoring_inline_asm
