../Core/Src/main.c:42:6:printu	272	static
../Core/Src/main.c:170:13:led_set_blink	16	static
../Core/Src/main.c:190:13:led_blink_process	16	static
../Core/Src/main.c:206:6:HAL_GPIO_EXTI_Callback	24	static
../Core/Src/main.c:214:13:process_clicks	24	static
../Core/Src/main.c:298:13:GameOver_Trigger	24	static
../Core/Src/main.c:364:16:GameReset_Attempt	24	static
../Core/Src/main.c:405:6:CalibrateGyroscope	72	static
../Core/Src/main.c:436:6:MX_I2C1_Init	8	static
../Core/Src/main.c:452:13:I2C_Scan	24	static
../Core/Src/main.c:464:13:MX_GPIO_Init	32	static
../Core/Src/main.c:478:13:UART1_Init	40	static
../Core/Src/main.c:503:6:NFC_Init	8	static
../Core/Src/main.c:510:6:NFC_BlinkIfCard	16	static
../Core/Src/main.c:526:5:main	280	static
../Core/Src/main.c:846:13:Arrow_InitDigits	16	static
../Core/Src/main.c:870:13:Arrow_ShowDigit	56	static
../Core/Src/main.c:887:13:Arrow_Stop	8	static
../Core/Src/main.c:901:13:Arrow_RenderSequence	80	static
../Core/Src/main.c:961:13:Arrow_StartGame	16	static
../Core/Src/main.c:998:13:Arrow_UpdateMatrix	32	static
../Core/Src/main.c:1032:13:Arrow_Fail	16	static
../Core/Src/main.c:1041:13:Arrow_Success	16	static
../Core/Src/main.c:1069:13:Arrow_HandleInput	24	static
../Core/Src/main.c:1112:13:NFC_PrintDetected	32	static
../Core/Src/main.c:1173:6:Error_Handler	4	static,ignoring_inline_asm
../Core/Src/main.c:1180:6:Menu_RenderStatus	64	static
../Core/Src/main.c:1226:13:OLED_ResetStatus	4	static
../Core/Src/main.c:1236:13:OLED_RenderLines	88	static
../Core/Src/main.c:1296:13:OLED_SetTemporaryMessage	32	static
../Core/Src/main.c:1318:13:OLED_UpdateGameplayDisplay	72	static
