../Core/Src/main.c:42:6:printu	272	static
../Core/Src/main.c:122:13:led_set_blink	16	static
../Core/Src/main.c:142:13:led_blink_process	16	static
../Core/Src/main.c:158:6:HAL_GPIO_EXTI_Callback	24	static
../Core/Src/main.c:166:13:process_clicks	24	static
../Core/Src/main.c:247:13:GameOver_Trigger	24	static
../Core/Src/main.c:311:16:GameReset_Attempt	24	static
../Core/Src/main.c:352:6:CalibrateGyroscope	72	static
../Core/Src/main.c:383:6:MX_I2C1_Init	8	static
../Core/Src/main.c:399:13:I2C_Scan	24	static
../Core/Src/main.c:411:13:MX_GPIO_Init	32	static
../Core/Src/main.c:425:13:UART1_Init	40	static
../Core/Src/main.c:450:6:NFC_Init	8	static
../Core/Src/main.c:457:6:NFC_BlinkIfCard	16	static
../Core/Src/main.c:473:5:main	280	static
../Core/Src/main.c:758:13:NFC_PrintDetected	32	static
../Core/Src/main.c:816:6:Error_Handler	4	static,ignoring_inline_asm
