../Core/Src/main.c:40:6:printu	272	static
../Core/Src/main.c:100:13:led_set_blink	16	static
../Core/Src/main.c:120:13:led_blink_process	16	static
../Core/Src/main.c:136:6:HAL_GPIO_EXTI_Callback	24	static
../Core/Src/main.c:144:13:process_clicks	24	static
../Core/Src/main.c:217:6:MX_I2C1_Init	8	static
../Core/Src/main.c:233:13:I2C_Scan	24	static
../Core/Src/main.c:245:13:MX_GPIO_Init	32	static
../Core/Src/main.c:259:13:UART1_Init	40	static
../Core/Src/main.c:284:6:NFC_Init	8	static
../Core/Src/main.c:291:6:NFC_BlinkIfCard	16	static
../Core/Src/main.c:307:5:main	216	static
../Core/Src/main.c:583:13:NFC_PrintDetected	32	static
../Core/Src/main.c:629:6:Error_Handler	4	static,ignoring_inline_asm
