../Core/Src/main.c:42:6:printu	272	static
../Core/Src/main.c:154:13:led_set_blink	16	static
../Core/Src/main.c:174:13:led_blink_process	16	static
../Core/Src/main.c:190:6:HAL_GPIO_EXTI_Callback	24	static
../Core/Src/main.c:198:13:process_clicks	24	static
../Core/Src/main.c:280:13:GameOver_Trigger	24	static
../Core/Src/main.c:346:16:GameReset_Attempt	24	static
../Core/Src/main.c:387:6:CalibrateGyroscope	72	static
../Core/Src/main.c:418:6:MX_I2C1_Init	8	static
../Core/Src/main.c:434:13:I2C_Scan	24	static
../Core/Src/main.c:446:13:MX_GPIO_Init	32	static
../Core/Src/main.c:460:13:UART1_Init	40	static
../Core/Src/main.c:485:6:NFC_Init	8	static
../Core/Src/main.c:492:6:NFC_BlinkIfCard	16	static
../Core/Src/main.c:508:5:main	280	static
../Core/Src/main.c:824:13:Arrow_InitDigits	16	static
../Core/Src/main.c:849:13:Arrow_ShowDigit	56	static
../Core/Src/main.c:867:13:Arrow_Stop	8	static
../Core/Src/main.c:881:13:Arrow_RenderSequence	80	static
../Core/Src/main.c:941:13:Arrow_StartGame	16	static
../Core/Src/main.c:977:13:Arrow_UpdateMatrix	32	static
../Core/Src/main.c:1012:13:Arrow_Fail	16	static
../Core/Src/main.c:1021:13:Arrow_Success	16	static
../Core/Src/main.c:1049:13:Arrow_HandleInput	24	static
../Core/Src/main.c:1093:13:NFC_PrintDetected	32	static
../Core/Src/main.c:1152:6:Error_Handler	4	static,ignoring_inline_asm
../Core/Src/main.c:1159:6:Menu_RenderStatus	64	static
