../Core/Src/main.c:42:6:printu	2
../Core/Src/main.c:122:13:led_set_blink	6
../Core/Src/main.c:142:13:led_blink_process	3
../Core/Src/main.c:158:6:HAL_GPIO_EXTI_Callback	3
../Core/Src/main.c:166:13:process_clicks	19
../Core/Src/main.c:247:13:GameOver_Trigger	15
../Core/Src/main.c:311:16:GameReset_Attempt	9
../Core/Src/main.c:352:6:CalibrateGyroscope	2
../Core/Src/main.c:383:6:MX_I2C1_Init	4
../Core/Src/main.c:399:13:I2C_Scan	3
../Core/Src/main.c:411:13:MX_GPIO_Init	1
../Core/Src/main.c:425:13:UART1_Init	2
../Core/Src/main.c:450:6:NFC_Init	2
../Core/Src/main.c:457:6:NFC_BlinkIfCard	3
../Core/Src/main.c:473:5:main	54
../Core/Src/main.c:758:13:NFC_PrintDetected	9
../Core/Src/main.c:816:6:Error_Handler	1
