../Core/Src/main.c:42:6:printu	272	static
../Core/Src/main.c:125:13:led_set_blink	16	static
../Core/Src/main.c:145:13:led_blink_process	16	static
../Core/Src/main.c:161:6:HAL_GPIO_EXTI_Callback	24	static
../Core/Src/main.c:169:13:process_clicks	24	static
../Core/Src/main.c:250:13:GameOver_Trigger	24	static
../Core/Src/main.c:315:16:GameReset_Attempt	24	static
../Core/Src/main.c:356:6:CalibrateGyroscope	72	static
../Core/Src/main.c:387:6:MX_I2C1_Init	8	static
../Core/Src/main.c:403:13:I2C_Scan	24	static
../Core/Src/main.c:415:13:MX_GPIO_Init	32	static
../Core/Src/main.c:429:13:UART1_Init	40	static
../Core/Src/main.c:454:6:NFC_Init	8	static
../Core/Src/main.c:461:6:NFC_BlinkIfCard	16	static
../Core/Src/main.c:477:5:main	280	static
../Core/Src/main.c:773:13:NFC_PrintDetected	32	static
../Core/Src/main.c:831:6:Error_Handler	4	static,ignoring_inline_asm
../Core/Src/main.c:838:6:Menu_RenderStatus	16	static
