../Core/Src/main.c:37:6:printu	272	static
../Core/Src/main.c:107:13:led_set_blink	16	static
../Core/Src/main.c:127:13:led_blink_process	16	static
../Core/Src/main.c:143:6:HAL_GPIO_EXTI_Callback	24	static
../Core/Src/main.c:151:13:process_clicks	24	static
../Core/Src/main.c:210:6:MX_I2C1_Init	8	static
../Core/Src/main.c:226:13:I2C_Scan	24	static
../Core/Src/main.c:237:13:MX_GPIO_Init	32	static
../Core/Src/main.c:249:13:UART1_Init	40	static
../Core/Src/main.c:274:6:NFC_Init	8	static
../Core/Src/main.c:281:6:NFC_BlinkIfCard	16	static
../Core/Src/main.c:297:5:main	224	static
../Core/Src/main.c:541:13:NFC_PrintDetected	32	static
../Core/Src/main.c:586:6:Error_Handler	4	static,ignoring_inline_asm
