../Core/Src/main.c:42:6:printu	2
../Core/Src/main.c:154:13:led_set_blink	6
../Core/Src/main.c:174:13:led_blink_process	3
../Core/Src/main.c:190:6:HAL_GPIO_EXTI_Callback	3
../Core/Src/main.c:198:13:process_clicks	21
../Core/Src/main.c:280:13:GameOver_Trigger	15
../Core/Src/main.c:346:16:GameReset_Attempt	9
../Core/Src/main.c:387:6:CalibrateGyroscope	2
../Core/Src/main.c:418:6:MX_I2C1_Init	4
../Core/Src/main.c:434:13:I2C_Scan	3
../Core/Src/main.c:446:13:MX_GPIO_Init	1
../Core/Src/main.c:460:13:UART1_Init	2
../Core/Src/main.c:485:6:NFC_Init	2
../Core/Src/main.c:492:6:NFC_BlinkIfCard	3
../Core/Src/main.c:508:5:main	65
../Core/Src/main.c:824:13:Arrow_InitDigits	3
../Core/Src/main.c:849:13:Arrow_ShowDigit	4
../Core/Src/main.c:867:13:Arrow_Stop	2
../Core/Src/main.c:881:13:Arrow_RenderSequence	10
../Core/Src/main.c:941:13:Arrow_StartGame	6
../Core/Src/main.c:977:13:Arrow_UpdateMatrix	9
../Core/Src/main.c:1012:13:Arrow_Fail	2
../Core/Src/main.c:1021:13:Arrow_Success	3
../Core/Src/main.c:1049:13:Arrow_HandleInput	13
../Core/Src/main.c:1093:13:NFC_PrintDetected	9
../Core/Src/main.c:1152:6:Error_Handler	1
../Core/Src/main.c:1159:6:Menu_RenderStatus	10
