../Core/Src/main.c:44:6:printu	272	static
../Core/Src/main.c:177:13:led_set_blink	16	static
../Core/Src/main.c:197:13:led_blink_process	16	static
../Core/Src/main.c:217:13:led_dash_pattern_start	8	static
../Core/Src/main.c:230:13:led_dash_pattern_stop	4	static
../Core/Src/main.c:236:13:led_dash_pattern_process	16	static
../Core/Src/main.c:260:6:HAL_GPIO_EXTI_Callback	24	static
../Core/Src/main.c:272:13:process_clicks	24	static
../Core/Src/main.c:356:13:GameOver_Trigger	24	static
../Core/Src/main.c:429:13:GameReset_Execute	24	static
../Core/Src/main.c:464:16:GameReset_Attempt	24	static
../Core/Src/main.c:482:13:GameReset_Force	32	static
../Core/Src/main.c:497:13:Sync_HandleGameOver	24	static
../Core/Src/main.c:520:13:Sync_HandleReset	24	static
../Core/Src/main.c:541:6:CalibrateGyroscope	80	static
../Core/Src/main.c:578:6:MX_I2C1_Init	8	static
../Core/Src/main.c:594:13:I2C_Scan	24	static
../Core/Src/main.c:606:13:MX_GPIO_Init	32	static
../Core/Src/main.c:620:13:UART1_Init	40	static
../Core/Src/main.c:645:6:NFC_Init	8	static
../Core/Src/main.c:652:6:NFC_BlinkIfCard	16	static
../Core/Src/main.c:668:5:main	312	static
../Core/Src/main.c:1046:13:Arrow_InitDigits	16	static
../Core/Src/main.c:1070:13:Arrow_ShowDigit	56	static
../Core/Src/main.c:1087:13:Arrow_Stop	8	static
../Core/Src/main.c:1101:13:Arrow_RenderSequence	80	static
../Core/Src/main.c:1161:13:Arrow_StartGame	16	static
../Core/Src/main.c:1198:13:Arrow_UpdateMatrix	32	static
../Core/Src/main.c:1232:13:Arrow_Fail	16	static
../Core/Src/main.c:1241:13:Arrow_Success	16	static
../Core/Src/main.c:1269:13:Arrow_HandleInput	24	static
../Core/Src/main.c:1312:13:NFC_PrintDetected	32	static
../Core/Src/main.c:1373:6:Error_Handler	4	static,ignoring_inline_asm
../Core/Src/main.c:1380:6:Menu_RenderStatus	64	static
../Core/Src/main.c:1426:13:OLED_ResetStatus	4	static
../Core/Src/main.c:1436:13:OLED_RenderLines	88	static
../Core/Src/main.c:1496:13:OLED_SetTemporaryMessage	32	static
../Core/Src/main.c:1518:13:OLED_UpdateGameplayDisplay	72	static
