../Core/Src/menu_system.c:41:14:get_mag_value	16	static
../Core/Src/menu_system.c:47:13:set_mag_value	16	static
../Core/Src/menu_system.c:52:14:get_arrow_count	4	static
../Core/Src/menu_system.c:57:13:set_arrow_count	16	static
../Core/Src/menu_system.c:66:14:get_sequence_time	4	static
../Core/Src/menu_system.c:72:13:set_sequence_time	16	static
../Core/Src/menu_system.c:81:6:Menu_Init	24	static
../Core/Src/menu_system.c:92:6:Menu_SetGame	24	static
../Core/Src/menu_system.c:107:14:get_param_value	24	static
../Core/Src/menu_system.c:128:13:set_param_value	24	static
../Core/Src/menu_system.c:166:19:get_next_param	32	static
../Core/Src/menu_system.c:182:13:menu_render_selected	88	static
../Core/Src/menu_system.c:206:13:menu_render_adjust	96	static
../Core/Src/menu_system.c:237:6:Menu_Process	120	static
../Core/Src/menu_system.c:356:14:Menu_GetState	16	static
../Core/Src/menu_system.c:361:6:Menu_Open	16	static
../Core/Src/menu_system.c:377:6:Menu_Close	16	static
../Core/Src/menu_system.c:393:6:Menu_GetDisplayString	48	static
