../Core/Src/ssd1306.c:26:9:SSD1306_Init	16	static,ignoring_inline_asm
../Core/Src/ssd1306.c:91:6:SSD1306_UpdateScreen	16	static
../Core/Src/ssd1306.c:100:6:SSD1306_ToggleInvert	16	static
../Core/Src/ssd1306.c:107:6:SSD1306_Fill	16	static
../Core/Src/ssd1306.c:111:6:SSD1306_DrawPixel	16	static
../Core/Src/ssd1306.c:125:6:SSD1306_GotoXY	16	static
../Core/Src/ssd1306.c:130:6:SSD1306_Putc	32	static
../Core/Src/ssd1306.c:151:6:SSD1306_Puts	24	static
../Core/Src/ssd1306.c:161:6:SSD1306_DrawLine	40	static
../Core/Src/ssd1306.c:177:6:SSD1306_DrawRectangle	32	static
../Core/Src/ssd1306.c:184:6:SSD1306_DrawFilledRectangle	40	static
../Core/Src/ssd1306.c:190:6:SSD1306_DrawTriangle	32	static
../Core/Src/ssd1306.c:197:6:SSD1306_DrawCircle	40	static
../Core/Src/ssd1306.c:230:6:SSD1306_DrawFilledCircle	48	static
../Core/Src/ssd1306.c:260:6:ssd1306_I2C_Init	8	static
../Core/Src/ssd1306.c:264:6:ssd1306_I2C_Write	32	static
../Core/Src/ssd1306.c:271:6:ssd1306_I2C_WriteMulti	296	static
../Core/Src/ssd1306.c:280:6:SSD1306_DrawBitmap	32	static
../Core/Src/ssd1306.c:299:6:SSD1306_ScrollRight	16	static
../Core/Src/ssd1306.c:310:6:SSD1306_ScrollLeft	16	static
../Core/Src/ssd1306.c:321:6:SSD1306_Scrolldiagright	16	static
../Core/Src/ssd1306.c:334:6:SSD1306_Scrolldiagleft	16	static
../Core/Src/ssd1306.c:347:6:SSD1306_Stopscroll	8	static
../Core/Src/ssd1306.c:351:6:SSD1306_InvertDisplay	16	static
../Core/Src/ssd1306.c:356:6:SSD1306_Clear	8	static
