../Core/Src/wifi.c:52:15:WIFI_Init	24	static
../Core/Src/wifi.c:88:15:WIFI_ListAccessPoints	464	static
../Core/Src/wifi.c:123:15:WIFI_Connect	72	static
../Core/Src/wifi.c:158:15:WIFI_GetMAC_Address	48	static
../Core/Src/wifi.c:175:15:WIFI_GetIP_Address	32	static
../Core/Src/wifi.c:197:15:WIFI_Disconnect	16	static
../Core/Src/wifi.c:218:15:WIFI_ConfigureAP	96	static
../Core/Src/wifi.c:241:15:WIFI_HandleAPEvents	24	static
../Core/Src/wifi.c:278:15:WIFI_Ping	24	static
../Core/Src/wifi.c:295:15:WIFI_GetHostAddress	24	static
../Core/Src/wifi.c:315:15:WIFI_OpenClientConnection	48	static
../Core/Src/wifi.c:344:15:WIFI_CloseClientConnection	40	static
../Core/Src/wifi.c:364:15:WIFI_StartServer	48	static
../Core/Src/wifi.c:382:15:WIFI_StopServer	24	static
../Core/Src/wifi.c:398:15:WIFI_SendData	40	static
../Core/Src/wifi.c:412:15:WIFI_SendDataTo	48	static
../Core/Src/wifi.c:430:15:WIFI_ReceiveData	40	static
../Core/Src/wifi.c:442:15:WIFI_ReceiveDataFrom	48	static
../Core/Src/wifi.c:459:15:WIFI_SetOEMProperties	24	static
../Core/Src/wifi.c:477:15:WIFI_ResetModule	16	static
../Core/Src/wifi.c:492:15:WIFI_SetModuleDefault	16	static
../Core/Src/wifi.c:509:15:WIFI_ModuleFirmwareUpdate	16	static
../Core/Src/wifi.c:519:15:WIFI_GetModuleFwRevision	24	static
../Core/Src/wifi.c:536:15:WIFI_GetModuleID	24	static
../Core/Src/wifi.c:553:15:WIFI_GetModuleName	24	static
