../Core/Src/wifi_sync.c:61:13:wifi_sync_set_error	16	static
../Core/Src/wifi_sync.c:71:13:wifi_sync_reset_peer_list	8	static
../Core/Src/wifi_sync.c:77:16:wifi_sync_record_peer	32	static
../Core/Src/wifi_sync.c:120:13:wifi_sync_print_device_count	16	static
../Core/Src/wifi_sync.c:135:13:wifi_sync_close_sockets	8	static
../Core/Src/wifi_sync.c:146:16:wifi_sync_start_transport	24	static
../Core/Src/wifi_sync.c:171:13:wifi_sync_handle_disconnect	16	static
../Core/Src/wifi_sync.c:193:16:wifi_sync_send_common	112	static
../Core/Src/wifi_sync.c:225:16:wifi_sync_send_hello	8	static
../Core/Src/wifi_sync.c:230:13:wifi_sync_handle_message	48	static
../Core/Src/wifi_sync.c:266:13:wifi_sync_format_ip	40	static
../Core/Src/wifi_sync.c:274:13:wifi_sync_peer_scan	72	static
../Core/Src/wifi_sync.c:312:13:wifi_sync_apply_config	24	static
../Core/Src/wifi_sync.c:355:16:wifi_sync_attempt_connect	32	static
../Core/Src/wifi_sync.c:401:9:WifiSync_Init	48	static
../Core/Src/wifi_sync.c:430:9:WifiSync_IsReady	4	static
../Core/Src/wifi_sync.c:435:13:WifiSync_GetLastError	4	static
../Core/Src/wifi_sync.c:440:9:WifiSync_IsConnected	4	static
../Core/Src/wifi_sync.c:445:9:WifiSync_GetDeviceCount	16	static
../Core/Src/wifi_sync.c:459:6:WifiSync_Process	112	static
../Core/Src/wifi_sync.c:507:9:WifiSync_PopEvent	16	static
../Core/Src/wifi_sync.c:520:9:WifiSync_SendGameOver	16	static
../Core/Src/wifi_sync.c:525:9:WifiSync_SendReset	16	static
